Component: ARM Compiler 5.06 update 6 (build 750) Tool: armlink [4d35ed]

==============================================================================

Section Cross References

    system_stm32l1xx.o(i.SystemCoreClockUpdate) refers to system_stm32l1xx.o(.data) for SystemCoreClock
    system_stm32l1xx.o(i.SystemCoreClockUpdate) refers to system_stm32l1xx.o(.constdata) for PLLMulTable
    startup_stm32l152xb.o(STACK) refers (Special) to heapauxi.o(.text) for __use_two_region_memory
    startup_stm32l152xb.o(HEAP) refers (Special) to heapauxi.o(.text) for __use_two_region_memory
    startup_stm32l152xb.o(RESET) refers (Special) to heapauxi.o(.text) for __use_two_region_memory
    startup_stm32l152xb.o(RESET) refers to startup_stm32l152xb.o(STACK) for __initial_sp
    startup_stm32l152xb.o(RESET) refers to startup_stm32l152xb.o(.text) for Reset_Handler
    startup_stm32l152xb.o(RESET) refers to main.o(i.TIM4_IRQHandler) for TIM4_IRQHandler
    startup_stm32l152xb.o(.text) refers (Special) to heapauxi.o(.text) for __use_two_region_memory
    startup_stm32l152xb.o(.text) refers to system_stm32l1xx.o(i.SystemInit) for SystemInit
    startup_stm32l152xb.o(.text) refers to __main.o(!!!main) for __main
    startup_stm32l152xb.o(.text) refers to startup_stm32l152xb.o(HEAP) for Heap_Mem
    startup_stm32l152xb.o(.text) refers to startup_stm32l152xb.o(STACK) for Stack_Mem
    main.o(i.DS1820_GPIO_Configure) refers to main.o(i.LL_AHB1_GRP1_EnableClock) for LL_AHB1_GRP1_EnableClock
    main.o(i.DS1820_GPIO_Configure) refers to stm32l1xx_ll_gpio.o(i.LL_GPIO_Init) for LL_GPIO_Init
    main.o(i.DS1820_ResetPulse) refers to main.o(i.OW_Master) for OW_Master
    main.o(i.DS1820_ResetPulse) refers to main.o(i.LL_GPIO_ResetOutputPin) for LL_GPIO_ResetOutputPin
    main.o(i.DS1820_ResetPulse) refers to dwt_delay.o(i.DWT_Delay) for DWT_Delay
    main.o(i.DS1820_ResetPulse) refers to main.o(i.OW_Slave) for OW_Slave
    main.o(i.DS1820_ResetPulse) refers to main.o(i.LL_GPIO_IsInputPinSet) for LL_GPIO_IsInputPinSet
    main.o(i.GPIO_Config) refers to main.o(i.LL_AHB1_GRP1_EnableClock) for LL_AHB1_GRP1_EnableClock
    main.o(i.GPIO_Config) refers to main.o(i.LL_APB1_GRP1_EnableClock) for LL_APB1_GRP1_EnableClock
    main.o(i.GPIO_Config) refers to stm32l1xx_ll_gpio.o(i.LL_GPIO_Init) for LL_GPIO_Init
    main.o(i.OW_Master) refers to main.o(i.LL_GPIO_SetPinMode) for LL_GPIO_SetPinMode
    main.o(i.OW_Master) refers to main.o(i.LL_GPIO_SetPinPull) for LL_GPIO_SetPinPull
    main.o(i.OW_ReadBit) refers to main.o(i.OW_Master) for OW_Master
    main.o(i.OW_ReadBit) refers to main.o(i.LL_GPIO_ResetOutputPin) for LL_GPIO_ResetOutputPin
    main.o(i.OW_ReadBit) refers to dwt_delay.o(i.DWT_Delay) for DWT_Delay
    main.o(i.OW_ReadBit) refers to main.o(i.OW_Slave) for OW_Slave
    main.o(i.OW_ReadBit) refers to main.o(i.LL_GPIO_IsInputPinSet) for LL_GPIO_IsInputPinSet
    main.o(i.OW_ReadByte) refers to main.o(i.OW_ReadBit) for OW_ReadBit
    main.o(i.OW_ReadByte) refers to dwt_delay.o(i.DWT_Delay) for DWT_Delay
    main.o(i.OW_Slave) refers to main.o(i.LL_GPIO_SetPinMode) for LL_GPIO_SetPinMode
    main.o(i.OW_Slave) refers to main.o(i.LL_GPIO_SetPinPull) for LL_GPIO_SetPinPull
    main.o(i.OW_WriteBit) refers to main.o(i.OW_Master) for OW_Master
    main.o(i.OW_WriteBit) refers to main.o(i.LL_GPIO_ResetOutputPin) for LL_GPIO_ResetOutputPin
    main.o(i.OW_WriteBit) refers to dwt_delay.o(i.DWT_Delay) for DWT_Delay
    main.o(i.OW_WriteBit) refers to main.o(i.OW_Slave) for OW_Slave
    main.o(i.OW_WriteByte) refers to main.o(i.OW_WriteBit) for OW_WriteBit
    main.o(i.SystemClock_Config) refers to main.o(i.LL_APB1_GRP1_EnableClock) for LL_APB1_GRP1_EnableClock
    main.o(i.SystemClock_Config) refers to main.o(i.LL_RCC_HSI_IsReady) for LL_RCC_HSI_IsReady
    main.o(i.SystemClock_Config) refers to stm32l1xx_ll_utils.o(i.LL_Init1msTick) for LL_Init1msTick
    main.o(i.SystemClock_Config) refers to stm32l1xx_ll_utils.o(i.LL_SetSystemCoreClock) for LL_SetSystemCoreClock
    main.o(i.TIM_BASE_Config) refers to main.o(i.LL_APB1_GRP1_EnableClock) for LL_APB1_GRP1_EnableClock
    main.o(i.TIM_BASE_Config) refers to stm32l1xx_ll_tim.o(i.LL_TIM_Init) for LL_TIM_Init
    main.o(i.TIM_BASE_DurationConfig) refers to main.o(i.LL_APB1_GRP1_EnableClock) for LL_APB1_GRP1_EnableClock
    main.o(i.TIM_BASE_DurationConfig) refers to stm32l1xx_ll_tim.o(i.LL_TIM_Init) for LL_TIM_Init
    main.o(i.TIM_BASE_DurationConfig) refers to main.o(i.LL_TIM_EnableCounter) for LL_TIM_EnableCounter
    main.o(i.TIM_BASE_DurationConfig) refers to main.o(i.LL_TIM_ClearFlag_UPDATE) for LL_TIM_ClearFlag_UPDATE
    main.o(i.TIM_OC_Config) refers to main.o(i.TIM_BASE_Config) for TIM_BASE_Config
    main.o(i.TIM_OC_Config) refers to main.o(i.LL_TIM_GetAutoReload) for LL_TIM_GetAutoReload
    main.o(i.TIM_OC_Config) refers to stm32l1xx_ll_tim.o(i.LL_TIM_OC_Init) for LL_TIM_OC_Init
[...]
    main.o(i.Temp) refers to dmul.o(x$fpl$dmul) for __aeabi_dmul
    main.o(i.Temp) refers to ddiv.o(x$fpl$ddiv) for __aeabi_ddiv
    main.o(i.Temp) refers to d2f.o(x$fpl$d2f) for __aeabi_d2f
    main.o(i.Temp) refers to main.o(.data) for tl
    main.o(i.main) refers to main.o(i.SystemClock_Config) for SystemClock_Config
    main.o(i.main) refers to main.o(i.TIM_OC_GPIO_Config) for TIM_OC_GPIO_Config
    main.o(i.main) refers to main.o(i.GPIO_Config) for GPIO_Config
    main.o(i.main) refers to main.o(i.TIM_OC_Config) for TIM_OC_Config
    main.o(i.main) refers to main.o(i.TIM_BASE_DurationConfig) for TIM_BASE_DurationConfig
    main.o(i.main) refers to stm32l1xx_ll_gpio.o(i.LL_GPIO_Init) for LL_GPIO_Init
    main.o(i.main) refers to main.o(i.LL_GPIO_IsInputPinSet) for LL_GPIO_IsInputPinSet
    main.o(i.main) refers to main.o(i.Temp) for Temp
    main.o(i.main) refers to main.o(i.LL_GPIO_ResetOutputPin) for LL_GPIO_ResetOutputPin
    main.o(i.main) refers to main.o(i.LL_GPIO_SetOutputPin) for LL_GPIO_SetOutputPin
    main.o(i.main) refers to main.o(i.LL_TIM_IsActiveFlag_UPDATE) for LL_TIM_IsActiveFlag_UPDATE
    main.o(i.main) refers to main.o(i.LL_TIM_SetAutoReload) for LL_TIM_SetAutoReload
    main.o(i.main) refers to main.o(i.LL_TIM_GetAutoReload) for LL_TIM_GetAutoReload
    main.o(i.main) refers to main.o(i.LL_TIM_OC_SetCompareCH1) for LL_TIM_OC_SetCompareCH1
    main.o(i.main) refers to main.o(i.LL_TIM_ClearFlag_UPDATE) for LL_TIM_ClearFlag_UPDATE
    main.o(i.main) refers to main.o(i.LL_TIM_SetCounter) for LL_TIM_SetCounter
    main.o(i.main) refers to main.o(.constdata) for .constdata
    main.o(i.main) refers to main.o(.data) for j
    stm32l1xx_ll_lcd.o(i.LL_LCD_Clear) refers to stm32l1xx_ll_lcd.o(i.LL_LCD_UpdateDisplayRequest) for LL_LCD_UpdateDisplayRequest
    stm32l1xx_ll_lcd.o(i.LL_LCD_DeInit) refers to stm32l1xx_ll_lcd.o(i.LCD_WaitForSynchro) for LCD_WaitForSynchro
    stm32l1xx_ll_lcd.o(i.LL_LCD_DeInit) refers to stm32l1xx_ll_lcd.o(i.LL_LCD_MspDeInit) for LL_LCD_MspDeInit
    stm32l1xx_ll_lcd.o(i.LL_LCD_Init) refers to stm32l1xx_ll_lcd.o(i.LCD_WaitForSynchro) for LCD_WaitForSynchro
    stm32l1xx_ll_gpio.o(i.LL_GPIO_DeInit) refers to stm32l1xx_ll_gpio.o(i.LL_AHB1_GRP1_ForceReset) for LL_AHB1_GRP1_ForceReset
    stm32l1xx_ll_gpio.o(i.LL_GPIO_DeInit) refers to stm32l1xx_ll_gpio.o(i.LL_AHB1_GRP1_ReleaseReset) for LL_AHB1_GRP1_ReleaseReset
    stm32l1xx_ll_rcc.o(i.LL_RCC_GetSystemClocksFreq) refers to stm32l1xx_ll_rcc.o(i.RCC_GetSystemClockFreq) for RCC_GetSystemClockFreq
    stm32l1xx_ll_rcc.o(i.LL_RCC_GetSystemClocksFreq) refers to stm32l1xx_ll_rcc.o(i.RCC_GetHCLKClockFreq) for RCC_GetHCLKClockFreq
    stm32l1xx_ll_rcc.o(i.LL_RCC_GetSystemClocksFreq) refers to stm32l1xx_ll_rcc.o(i.RCC_GetPCLK1ClockFreq) for RCC_GetPCLK1ClockFreq
    stm32l1xx_ll_rcc.o(i.LL_RCC_GetSystemClocksFreq) refers to stm32l1xx_ll_rcc.o(i.RCC_GetPCLK2ClockFreq) for RCC_GetPCLK2ClockFreq
    stm32l1xx_ll_rcc.o(i.RCC_GetHCLKClockFreq) refers to system_stm32l1xx.o(.constdata) for AHBPrescTable
    stm32l1xx_ll_rcc.o(i.RCC_GetPCLK1ClockFreq) refers to system_stm32l1xx.o(.constdata) for APBPrescTable
    stm32l1xx_ll_rcc.o(i.RCC_GetPCLK2ClockFreq) refers to system_stm32l1xx.o(.constdata) for APBPrescTable
    stm32l1xx_ll_rcc.o(i.RCC_GetSystemClockFreq) refers to stm32l1xx_ll_rcc.o(i.RCC_PLL_GetFreqDomain_SYS) for RCC_PLL_GetFreqDomain_SYS
    stm32l1xx_ll_rcc.o(i.RCC_PLL_GetFreqDomain_SYS) refers to system_stm32l1xx.o(.constdata) for PLLMulTable
    stm32l1xx_ll_utils.o(i.LL_PLL_ConfigSystemClock_HSE) refers to stm32l1xx_ll_utils.o(i.UTILS_PLL_IsBusy) for UTILS_PLL_IsBusy
    stm32l1xx_ll_utils.o(i.LL_PLL_ConfigSystemClock_HSE) refers to stm32l1xx_ll_utils.o(i.UTILS_GetPLLOutputFrequency) for UTILS_GetPLLOutputFrequency
    stm32l1xx_ll_utils.o(i.LL_PLL_ConfigSystemClock_HSE) refers to stm32l1xx_ll_utils.o(i.LL_RCC_HSE_IsReady) for LL_RCC_HSE_IsReady
    stm32l1xx_ll_utils.o(i.LL_PLL_ConfigSystemClock_HSE) refers to stm32l1xx_ll_utils.o(i.LL_RCC_PLL_ConfigDomain_SYS) for LL_RCC_PLL_ConfigDomain_SYS
    stm32l1xx_ll_utils.o(i.LL_PLL_ConfigSystemClock_HSE) refers to stm32l1xx_ll_utils.o(i.UTILS_EnablePLLAndSwitchSystem) for UTILS_EnablePLLAndSwitchSystem
    stm32l1xx_ll_utils.o(i.LL_PLL_ConfigSystemClock_HSI) refers to stm32l1xx_ll_utils.o(i.UTILS_PLL_IsBusy) for UTILS_PLL_IsBusy
    stm32l1xx_ll_utils.o(i.LL_PLL_ConfigSystemClock_HSI) refers to stm32l1xx_ll_utils.o(i.UTILS_GetPLLOutputFrequency) for UTILS_GetPLLOutputFrequency
    stm32l1xx_ll_utils.o(i.LL_PLL_ConfigSystemClock_HSI) refers to stm32l1xx_ll_utils.o(i.LL_RCC_HSI_IsReady) for LL_RCC_HSI_IsReady
    stm32l1xx_ll_utils.o(i.LL_PLL_ConfigSystemClock_HSI) refers to stm32l1xx_ll_utils.o(i.LL_RCC_PLL_ConfigDomain_SYS) for LL_RCC_PLL_ConfigDomain_SYS
    stm32l1xx_ll_utils.o(i.LL_PLL_ConfigSystemClock_HSI) refers to stm32l1xx_ll_utils.o(i.UTILS_EnablePLLAndSwitchSystem) for UTILS_EnablePLLAndSwitchSystem
    stm32l1xx_ll_utils.o(i.LL_SetSystemCoreClock) refers to system_stm32l1xx.o(.data) for SystemCoreClock
    stm32l1xx_ll_utils.o(i.UTILS_EnablePLLAndSwitchSystem) refers to stm32l1xx_ll_utils.o(i.UTILS_SetFlashLatency) for UTILS_SetFlashLatency
    stm32l1xx_ll_utils.o(i.UTILS_EnablePLLAndSwitchSystem) refers to stm32l1xx_ll_utils.o(i.LL_RCC_PLL_IsReady) for LL_RCC_PLL_IsReady
    stm32l1xx_ll_utils.o(i.UTILS_EnablePLLAndSwitchSystem) refers to stm32l1xx_ll_utils.o(i.LL_SetSystemCoreClock) for LL_SetSystemCoreClock
    stm32l1xx_ll_utils.o(i.UTILS_EnablePLLAndSwitchSystem) refers to system_stm32l1xx.o(.constdata) for AHBPrescTable
    stm32l1xx_ll_utils.o(i.UTILS_EnablePLLAndSwitchSystem) refers to system_stm32l1xx.o(.data) for SystemCoreClock
    stm32l1xx_ll_utils.o(i.UTILS_GetPLLOutputFrequency) refers to system_stm32l1xx.o(.constdata) for PLLMulTable
    stm32l1xx_ll_utils.o(i.UTILS_PLL_IsBusy) refers to stm32l1xx_ll_utils.o(i.LL_RCC_PLL_IsReady) for LL_RCC_PLL_IsReady
    stm32l1xx_ll_tim.o(i.LL_TIM_DeInit) refers to stm32l1xx_ll_tim.o(i.LL_APB1_GRP1_ForceReset) for LL_APB1_GRP1_ForceReset
    stm32l1xx_ll_tim.o(i.LL_TIM_DeInit) refers to stm32l1xx_ll_tim.o(i.LL_APB1_GRP1_ReleaseReset) for LL_APB1_GRP1_ReleaseReset
    stm32l1xx_ll_tim.o(i.LL_TIM_DeInit) refers to stm32l1xx_ll_tim.o(i.LL_APB2_GRP1_ForceReset) for LL_APB2_GRP1_ForceReset
    stm32l1xx_ll_tim.o(i.LL_TIM_DeInit) refers to stm32l1xx_ll_tim.o(i.LL_APB2_GRP1_ReleaseReset) for LL_APB2_GRP1_ReleaseReset
    stm32l1xx_ll_tim.o(i.LL_TIM_IC_Init) refers to stm32l1xx_ll_tim.o(i.IC1Config) for IC1Config
    stm32l1xx_ll_tim.o(i.LL_TIM_IC_Init) refers to stm32l1xx_ll_tim.o(i.IC2Config) for IC2Config
    stm32l1xx_ll_tim.o(i.LL_TIM_IC_Init) refers to stm32l1xx_ll_tim.o(i.IC3Config) for IC3Config
    stm32l1xx_ll_tim.o(i.LL_TIM_IC_Init) refers to stm32l1xx_ll_tim.o(i.IC4Config) for IC4Config
    stm32l1xx_ll_tim.o(i.LL_TIM_OC_Init) refers to stm32l1xx_ll_tim.o(i.OC1Config) for OC1Config
    stm32l1xx_ll_tim.o(i.LL_TIM_OC_Init) refers to stm32l1xx_ll_tim.o(i.OC2Config) for OC2Config
    stm32l1xx_ll_tim.o(i.LL_TIM_OC_Init) refers to stm32l1xx_ll_tim.o(i.OC3Config) for OC3Config
    stm32l1xx_ll_tim.o(i.LL_TIM_OC_Init) refers to stm32l1xx_ll_tim.o(i.OC4Config) for OC4Config
    stm32l152_glass_lcd.o(i.Convert) refers to stm32l152_glass_lcd.o(.constdata) for NumberMap
    stm32l152_glass_lcd.o(i.Convert) refers to stm32l152_glass_lcd.o(.bss) for Digit
    stm32l152_glass_lcd.o(i.LCD_GLASS_BarLevelConfig) refers to stm32l1xx_ll_lcd.o(i.LL_LCD_Write) for LL_LCD_Write
    stm32l152_glass_lcd.o(i.LCD_GLASS_BarLevelConfig) refers to stm32l1xx_ll_lcd.o(i.LL_LCD_UpdateDisplayRequest) for LL_LCD_UpdateDisplayRequest
    stm32l152_glass_lcd.o(i.LCD_GLASS_BarLevelConfig) refers to stm32l152_glass_lcd.o(.data) for LCDBar
    stm32l152_glass_lcd.o(i.LCD_GLASS_BlinkConfig) refers to stm32l1xx_ll_lcd.o(i.LCD_WaitForSynchro) for LCD_WaitForSynchro
    stm32l152_glass_lcd.o(i.LCD_GLASS_Clear) refers to stm32l1xx_ll_lcd.o(i.LL_LCD_Clear) for LL_LCD_Clear
    stm32l152_glass_lcd.o(i.LCD_GLASS_ClearBar) refers to stm32l1xx_ll_lcd.o(i.LL_LCD_Write) for LL_LCD_Write
    stm32l152_glass_lcd.o(i.LCD_GLASS_ClearBar) refers to stm32l1xx_ll_lcd.o(i.LL_LCD_UpdateDisplayRequest) for LL_LCD_UpdateDisplayRequest
    stm32l152_glass_lcd.o(i.LCD_GLASS_Contrast) refers to stm32l1xx_ll_lcd.o(i.LCD_WaitForSynchro) for LCD_WaitForSynchro
    stm32l152_glass_lcd.o(i.LCD_GLASS_DisplayBar) refers to stm32l1xx_ll_lcd.o(i.LL_LCD_Write) for LL_LCD_Write
    stm32l152_glass_lcd.o(i.LCD_GLASS_DisplayBar) refers to stm32l1xx_ll_lcd.o(i.LL_LCD_UpdateDisplayRequest) for LL_LCD_UpdateDisplayRequest
    stm32l152_glass_lcd.o(i.LCD_GLASS_DisplayChar) refers to stm32l152_glass_lcd.o(i.Convert) for Convert
    stm32l152_glass_lcd.o(i.LCD_GLASS_DisplayChar) refers to stm32l1xx_ll_lcd.o(i.LL_LCD_Write) for LL_LCD_Write
    stm32l152_glass_lcd.o(i.LCD_GLASS_DisplayChar) refers to stm32l152_glass_lcd.o(.bss) for Digit
    stm32l152_glass_lcd.o(i.LCD_GLASS_DisplayChar) refers to stm32l1xx_ll_lcd.o(i.LL_LCD_UpdateDisplayRequest) for LL_LCD_UpdateDisplayRequest
    stm32l152_glass_lcd.o(i.LCD_GLASS_DisplayStrDeci) refers to stm32l152_glass_lcd.o(i.LCD_GLASS_WriteChar) for LCD_GLASS_WriteChar
    stm32l152_glass_lcd.o(i.LCD_GLASS_DisplayString) refers to stm32l152_glass_lcd.o(i.LCD_GLASS_WriteChar) for LCD_GLASS_WriteChar
    stm32l152_glass_lcd.o(i.LCD_GLASS_DisplayString) refers to stm32l1xx_ll_lcd.o(i.LL_LCD_UpdateDisplayRequest) for LL_LCD_UpdateDisplayRequest
    stm32l152_glass_lcd.o(i.LCD_GLASS_Init) refers to stm32l152_glass_lcd.o(i.LCD_MspInit) for LCD_MspInit
    stm32l152_glass_lcd.o(i.LCD_GLASS_Init) refers to stm32l1xx_ll_lcd.o(i.LL_LCD_Init) for LL_LCD_Init
    stm32l152_glass_lcd.o(i.LCD_GLASS_Init) refers to stm32l152_glass_lcd.o(i.LCD_GLASS_Clear) for LCD_GLASS_Clear
    stm32l152_glass_lcd.o(i.LCD_GLASS_Init) refers to stm32l152_glass_lcd.o(.bss) for LCD_InitStructure
    stm32l152_glass_lcd.o(i.LCD_GLASS_ScrollSentence) refers to stm32l152_glass_lcd.o(i.LCD_GLASS_DisplayString) for LCD_GLASS_DisplayString
    stm32l152_glass_lcd.o(i.LCD_GLASS_ScrollSentence) refers to stm32l1xx_ll_utils.o(i.LL_mDelay) for LL_mDelay
    stm32l152_glass_lcd.o(i.LCD_GLASS_ScrollSentence) refers to stm32l152_glass_lcd.o(i.LCD_GLASS_Clear) for LCD_GLASS_Clear
    stm32l152_glass_lcd.o(i.LCD_GLASS_WriteChar) refers to stm32l152_glass_lcd.o(i.LCD_GLASS_DisplayChar) for LCD_GLASS_DisplayChar
    stm32l152_glass_lcd.o(i.LCD_MspInit) refers to rt_memclr_w.o(.text) for __aeabi_memclr4
    stm32l152_glass_lcd.o(i.LCD_MspInit) refers to stm32l152_glass_lcd.o(i.LL_APB1_GRP1_EnableClock) for LL_APB1_GRP1_EnableClock
    stm32l152_glass_lcd.o(i.LCD_MspInit) refers to stm32l152_glass_lcd.o(i.LL_RCC_LSE_IsReady) for LL_RCC_LSE_IsReady
    stm32l152_glass_lcd.o(i.LCD_MspInit) refers to stm32l152_glass_lcd.o(i.LL_AHB1_GRP1_EnableClock) for LL_AHB1_GRP1_EnableClock
    stm32l152_glass_lcd.o(i.LCD_MspInit) refers to stm32l1xx_ll_gpio.o(i.LL_GPIO_Init) for LL_GPIO_Init
    stm32l152_glass_lcd.o(i.LCD_MspInit) refers to stm32l1xx_ll_utils.o(i.LL_mDelay) for LL_mDelay
    dwt_delay.o(i.DWT_Delay) refers to system_stm32l1xx.o(.data) for SystemCoreClock
    __main.o(!!!main) refers to __rtentry.o(.ARM.Collect$$rtentry$$00000000) for __rt_entry
    d2f.o(x$fpl$d2f) refers (Special) to usenofp.o(x$fpl$usenofp) for __I$use$fp
    d2f.o(x$fpl$d2f) refers to fretinf.o(x$fpl$fretinf) for __fpl_fretinf
    d2f.o(x$fpl$d2f) refers to dnaninf.o(x$fpl$dnaninf) for __fpl_dnaninf
    ddiv.o(x$fpl$drdiv) refers (Special) to usenofp.o(x$fpl$usenofp) for __I$use$fp
    ddiv.o(x$fpl$drdiv) refers to ddiv.o(x$fpl$ddiv) for ddiv_entry
    ddiv.o(x$fpl$ddiv) refers (Special) to usenofp.o(x$fpl$usenofp) for __I$use$fp
    ddiv.o(x$fpl$ddiv) refers to dretinf.o(x$fpl$dretinf) for __fpl_dretinf
    ddiv.o(x$fpl$ddiv) refers to dnaninf.o(x$fpl$dnaninf) for __fpl_dnaninf
    dflt_clz.o(x$fpl$dfltu) refers (Special) to usenofp.o(x$fpl$usenofp) for __I$use$fp
    dflt_clz.o(x$fpl$dflt) refers (Special) to usenofp.o(x$fpl$usenofp) for __I$use$fp
    dflt_clz.o(x$fpl$dfltn) refers (Special) to usenofp.o(x$fpl$usenofp) for __I$use$fp
    dmul.o(x$fpl$dmul) refers (Special) to usenofp.o(x$fpl$usenofp) for __I$use$fp
    dmul.o(x$fpl$dmul) refers to dretinf.o(x$fpl$dretinf) for __fpl_dretinf
    dmul.o(x$fpl$dmul) refers to dnaninf.o(x$fpl$dnaninf) for __fpl_dnaninf
    __rtentry.o(.ARM.Collect$$rtentry$$00000000) refers (Special) to __rtentry2.o(.ARM.Collect$$rtentry$$0000000A) for __rt_entry_li
    __rtentry.o(.ARM.Collect$$rtentry$$00000000) refers (Special) to __rtentry2.o(.ARM.Collect$$rtentry$$0000000D) for __rt_entry_main
    __rtentry.o(.ARM.Collect$$rtentry$$00000000) refers (Special) to __rtentry2.o(.ARM.Collect$$rtentry$$0000000C) for __rt_entry_postli_1
    __rtentry.o(.ARM.Collect$$rtentry$$00000000) refers (Special) to __rtentry2.o(.ARM.Collect$$rtentry$$00000009) for __rt_entry_postsh_1
    __rtentry.o(.ARM.Collect$$rtentry$$00000000) refers (Special) to __rtentry2.o(.ARM.Collect$$rtentry$$00000002) for __rt_entry_presh_1
    __rtentry.o(.ARM.Collect$$rtentry$$00000000) refers (Special) to __rtentry4.o(.ARM.Collect$$rtentry$$00000004) for __rt_entry_sh
    dnaninf.o(x$fpl$dnaninf) refers (Special) to usenofp.o(x$fpl$usenofp) for __I$use$fp
    dretinf.o(x$fpl$dretinf) refers (Special) to usenofp.o(x$fpl$usenofp) for __I$use$fp
    fretinf.o(x$fpl$fretinf) refers (Special) to usenofp.o(x$fpl$usenofp) for __I$use$fp
    __rtentry2.o(.ARM.Collect$$rtentry$$00000008) refers to boardinit2.o(.text) for _platform_post_stackheap_init
    __rtentry2.o(.ARM.Collect$$rtentry$$0000000A) refers to libinit.o(.ARM.Collect$$libinit$$00000000) for __rt_lib_init
    __rtentry2.o(.ARM.Collect$$rtentry$$0000000B) refers to boardinit3.o(.text) for _platform_post_lib_init
    __rtentry2.o(.ARM.Collect$$rtentry$$0000000D) refers to main.o(i.main) for main
    __rtentry2.o(.ARM.Collect$$rtentry$$0000000D) refers to exit.o(.text) for exit
    __rtentry2.o(.ARM.exidx) refers to __rtentry2.o(.ARM.Collect$$rtentry$$00000001) for .ARM.Collect$$rtentry$$00000001
    __rtentry2.o(.ARM.exidx) refers to __rtentry2.o(.ARM.Collect$$rtentry$$00000008) for .ARM.Collect$$rtentry$$00000008
    __rtentry2.o(.ARM.exidx) refers to __rtentry2.o(.ARM.Collect$$rtentry$$0000000A) for .ARM.Collect$$rtentry$$0000000A
    __rtentry2.o(.ARM.exidx) refers to __rtentry2.o(.ARM.Collect$$rtentry$$0000000B) for .ARM.Collect$$rtentry$$0000000B
    __rtentry2.o(.ARM.exidx) refers to __rtentry2.o(.ARM.Collect$$rtentry$$0000000D) for .ARM.Collect$$rtentry$$0000000D
    __rtentry4.o(.ARM.Collect$$rtentry$$00000004) refers to sys_stackheap_outer.o(.text) for __user_setup_stackheap
    __rtentry4.o(.ARM.exidx) refers to __rtentry4.o(.ARM.Collect$$rtentry$$00000004) for .ARM.Collect$$rtentry$$00000004
    sys_stackheap_outer.o(.text) refers to libspace.o(.text) for __user_perproc_libspace
    sys_stackheap_outer.o(.text) refers to startup_stm32l152xb.o(.text) for __user_initial_stackheap
    exit.o(.text) refers to rtexit.o(.ARM.Collect$$rtexit$$00000000) for __rt_exit
    libinit.o(.ARM.Collect$$libinit$$00000000) refers (Special) to libinit2.o(.ARM.Collect$$libinit$$0000002E) for __rt_lib_init_alloca_1
    libinit.o(.ARM.Collect$$libinit$$00000000) refers (Special) to libinit2.o(.ARM.Collect$$libinit$$0000002C) for __rt_lib_init_argv_1
    libinit.o(.ARM.Collect$$libinit$$00000000) refers (Special) to libinit2.o(.ARM.Collect$$libinit$$0000001B) for __rt_lib_init_atexit_1
    libinit.o(.ARM.Collect$$libinit$$00000000) refers (Special) to libinit2.o(.ARM.Collect$$libinit$$00000021) for __rt_lib_init_clock_1
    libinit.o(.ARM.Collect$$libinit$$00000000) refers (Special) to libinit2.o(.ARM.Collect$$libinit$$00000032) for __rt_lib_init_cpp_1
    libinit.o(.ARM.Collect$$libinit$$00000000) refers (Special) to libinit2.o(.ARM.Collect$$libinit$$00000030) for __rt_lib_init_exceptions_1
    libinit.o(.ARM.Collect$$libinit$$00000000) refers (Special) to libinit2.o(.ARM.Collect$$libinit$$00000002) for __rt_lib_init_fp_1
    libinit.o(.ARM.Collect$$libinit$$00000000) refers (Special) to libinit2.o(.ARM.Collect$$libinit$$0000001F) for __rt_lib_init_fp_trap_1
    libinit.o(.ARM.Collect$$libinit$$00000000) refers (Special) to libinit2.o(.ARM.Collect$$libinit$$00000023) for __rt_lib_init_getenv_1
    libinit.o(.ARM.Collect$$libinit$$00000000) refers (Special) to libinit2.o(.ARM.Collect$$libinit$$0000000A) for __rt_lib_init_heap_1
    libinit.o(.ARM.Collect$$libinit$$00000000) refers (Special) to libinit2.o(.ARM.Collect$$libinit$$00000011) for __rt_lib_init_lc_collate_1
    libinit.o(.ARM.Collect$$libinit$$00000000) refers (Special) to libinit2.o(.ARM.Collect$$libinit$$00000013) for __rt_lib_init_lc_ctype_1
    libinit.o(.ARM.Collect$$libinit$$00000000) refers (Special) to libinit2.o(.ARM.Collect$$libinit$$00000015) for __rt_lib_init_lc_monetary_1
    libinit.o(.ARM.Collect$$libinit$$00000000) refers (Special) to libinit2.o(.ARM.Collect$$libinit$$00000017) for __rt_lib_init_lc_numeric_1
    libinit.o(.ARM.Collect$$libinit$$00000000) refers (Special) to libinit2.o(.ARM.Collect$$libinit$$00000019) for __rt_lib_init_lc_time_1
    libinit.o(.ARM.Collect$$libinit$$00000000) refers (Special) to libinit2.o(.ARM.Collect$$libinit$$00000004) for __rt_lib_init_preinit_1
    libinit.o(.ARM.Collect$$libinit$$00000000) refers (Special) to libinit2.o(.ARM.Collect$$libinit$$0000000E) for __rt_lib_init_rand_1
    libinit.o(.ARM.Collect$$libinit$$00000000) refers (Special) to libinit2.o(.ARM.Collect$$libinit$$00000033) for __rt_lib_init_return
    libinit.o(.ARM.Collect$$libinit$$00000000) refers (Special) to libinit2.o(.ARM.Collect$$libinit$$0000001D) for __rt_lib_init_signal_1
    libinit.o(.ARM.Collect$$libinit$$00000000) refers (Special) to libinit2.o(.ARM.Collect$$libinit$$00000025) for __rt_lib_init_stdio_1
    libinit.o(.ARM.Collect$$libinit$$00000000) refers (Special) to libinit2.o(.ARM.Collect$$libinit$$0000000C) for __rt_lib_init_user_alloc_1
    libspace.o(.text) refers to libspace.o(.bss) for __libspace_start
    rtexit.o(.ARM.Collect$$rtexit$$00000000) refers (Special) to rtexit2.o(.ARM.Collect$$rtexit$$00000004) for __rt_exit_exit
    rtexit.o(.ARM.Collect$$rtexit$$00000000) refers (Special) to rtexit2.o(.ARM.Collect$$rtexit$$00000003) for __rt_exit_ls
    rtexit.o(.ARM.Collect$$rtexit$$00000000) refers (Special) to rtexit2.o(.ARM.Collect$$rtexit$$00000002) for __rt_exit_prels_1
    rtexit.o(.ARM.exidx) refers (Special) to rtexit2.o(.ARM.Collect$$rtexit$$00000004) for __rt_exit_exit
    rtexit.o(.ARM.exidx) refers (Special) to rtexit2.o(.ARM.Collect$$rtexit$$00000003) for __rt_exit_ls
    rtexit.o(.ARM.exidx) refers (Special) to rtexit2.o(.ARM.Collect$$rtexit$$00000002) for __rt_exit_prels_1
    rtexit.o(.ARM.exidx) refers to rtexit.o(.ARM.Collect$$rtexit$$00000000) for .ARM.Collect$$rtexit$$00000000
    libinit2.o(.ARM.Collect$$libinit$$00000010) refers to libinit2.o(.ARM.Collect$$libinit$$0000000F) for .ARM.Collect$$libinit$$0000000F
    libinit2.o(.ARM.Collect$$libinit$$00000012) refers to libinit2.o(.ARM.Collect$$libinit$$0000000F) for .ARM.Collect$$libinit$$0000000F
    libinit2.o(.ARM.Collect$$libinit$$00000014) refers to libinit2.o(.ARM.Collect$$libinit$$0000000F) for .ARM.Collect$$libinit$$0000000F
    libinit2.o(.ARM.Collect$$libinit$$00000016) refers to libinit2.o(.ARM.Collect$$libinit$$0000000F) for .ARM.Collect$$libinit$$0000000F
    libinit2.o(.ARM.Collect$$libinit$$00000018) refers to libinit2.o(.ARM.Collect$$libinit$$0000000F) for .ARM.Collect$$libinit$$0000000F
    libinit2.o(.ARM.Collect$$libinit$$00000026) refers to argv_veneer.o(.emb_text) for __ARM_argv_veneer
    libinit2.o(.ARM.Collect$$libinit$$00000027) refers to argv_veneer.o(.emb_text) for __ARM_argv_veneer
    rtexit2.o(.ARM.Collect$$rtexit$$00000003) refers to libshutdown.o(.ARM.Collect$$libshutdown$$00000000) for __rt_lib_shutdown
    rtexit2.o(.ARM.Collect$$rtexit$$00000004) refers to sys_exit.o(.text) for _sys_exit
    rtexit2.o(.ARM.exidx) refers to rtexit2.o(.ARM.Collect$$rtexit$$00000001) for .ARM.Collect$$rtexit$$00000001
    rtexit2.o(.ARM.exidx) refers to rtexit2.o(.ARM.Collect$$rtexit$$00000003) for .ARM.Collect$$rtexit$$00000003
    rtexit2.o(.ARM.exidx) refers to rtexit2.o(.ARM.Collect$$rtexit$$00000004) for .ARM.Collect$$rtexit$$00000004
    argv_veneer.o(.emb_text) refers to no_argv.o(.text) for __ARM_get_argv
    sys_exit.o(.text) refers (Special) to use_no_semi.o(.text) for __I$use$semihosting
    sys_exit.o(.text) refers (Special) to indicate_semi.o(.text) for __semihosting_library_function
    _get_argv_nomalloc.o(.text) refers (Special) to hrguard.o(.text) for __heap_region$guard
    _get_argv_nomalloc.o(.text) refers to defsig_rtmem_outer.o(.text) for __rt_SIGRTMEM
    _get_argv_nomalloc.o(.text) refers to sys_command.o(.text) for _sys_command_string
    libshutdown.o(.ARM.Collect$$libshutdown$$00000000) refers (Special) to libshutdown2.o(.ARM.Collect$$libshutdown$$00000002) for __rt_lib_shutdown_cpp_1
    libshutdown.o(.ARM.Collect$$libshutdown$$00000000) refers (Special) to libshutdown2.o(.ARM.Collect$$libshutdown$$00000007) for __rt_lib_shutdown_fp_trap_1
    libshutdown.o(.ARM.Collect$$libshutdown$$00000000) refers (Special) to libshutdown2.o(.ARM.Collect$$libshutdown$$0000000F) for __rt_lib_shutdown_heap_1
    libshutdown.o(.ARM.Collect$$libshutdown$$00000000) refers (Special) to libshutdown2.o(.ARM.Collect$$libshutdown$$00000010) for __rt_lib_shutdown_return
    libshutdown.o(.ARM.Collect$$libshutdown$$00000000) refers (Special) to libshutdown2.o(.ARM.Collect$$libshutdown$$0000000A) for __rt_lib_shutdown_signal_1
    libshutdown.o(.ARM.Collect$$libshutdown$$00000000) refers (Special) to libshutdown2.o(.ARM.Collect$$libshutdown$$00000004) for __rt_lib_shutdown_stdio_1
    libshutdown.o(.ARM.Collect$$libshutdown$$00000000) refers (Special) to libshutdown2.o(.ARM.Collect$$libshutdown$$0000000C) for __rt_lib_shutdown_user_alloc_1
    sys_command.o(.text) refers (Special) to use_no_semi.o(.text) for __I$use$semihosting
    sys_command.o(.text) refers (Special) to indicate_semi.o(.text) for __semihosting_library_function
    defsig_rtmem_outer.o(.text) refers to defsig_rtmem_inner.o(.text) for __rt_SIGRTMEM_inner
    defsig_rtmem_outer.o(.text) refers to defsig_exit.o(.text) for __sig_exit
    defsig_rtmem_formal.o(.text) refers to rt_raise.o(.text) for __rt_raise
    rt_raise.o(.text) refers to __raise.o(.text) for __raise
    rt_raise.o(.text) refers to sys_exit.o(.text) for _sys_exit
    defsig_exit.o(.text) refers to sys_exit.o(.text) for _sys_exit
    defsig_rtmem_inner.o(.text) refers to defsig_general.o(.text) for __default_signal_display
    __raise.o(.text) refers to defsig.o(CL$$defsig) for __default_signal_handler
    defsig_general.o(.text) refers to sys_wrch.o(.text) for _ttywrch
    sys_wrch.o(.text) refers (Special) to use_no_semi.o(.text) for __I$use$semihosting
    sys_wrch.o(.text) refers (Special) to indicate_semi.o(.text) for __semihosting_library_function
    defsig.o(CL$$defsig) refers to defsig_rtmem_inner.o(.text) for __rt_SIGRTMEM_inner
    defsig_abrt_inner.o(.text) refers to defsig_general.o(.text) for __default_signal_display
    defsig_fpe_inner.o(.text) refers to defsig_general.o(.text) for __default_signal_display
    defsig_rtred_inner.o(.text) refers to defsig_general.o(.text) for __default_signal_display
    defsig_stak_inner.o(.text) refers to defsig_general.o(.text) for __default_signal_display
    defsig_pvfn_inner.o(.text) refers to defsig_general.o(.text) for __default_signal_display
    defsig_cppl_inner.o(.text) refers to defsig_general.o(.text) for __default_signal_display
    defsig_segv_inner.o(.text) refers to defsig_general.o(.text) for __default_signal_display
    defsig_other.o(.text) refers to defsig_general.o(.text) for __default_signal_display


==============================================================================

Removing Unused input sections from the image.

    Removing system_stm32l1xx.o(.rev16_text), (4 bytes).
    Removing system_stm32l1xx.o(.revsh_text), (4 bytes).
    Removing system_stm32l1xx.o(.rrx_text), (6 bytes).
    Removing system_stm32l1xx.o(i.SystemCoreClockUpdate), (216 bytes).
    Removing system_stm32l1xx.o(.constdata), (33 bytes).
    Removing main.o(.rev16_text), (4 bytes).
    Removing main.o(.revsh_text), (4 bytes).
    Removing main.o(.rrx_text), (6 bytes).
    Removing main.o(i.DS1820_GPIO_Configure), (44 bytes).
    Removing stm32l1xx_ll_lcd.o(.rev16_text), (4 bytes).
    Removing stm32l1xx_ll_lcd.o(.revsh_text), (4 bytes).
    Removing stm32l1xx_ll_lcd.o(.rrx_text), (6 bytes).
    Removing stm32l1xx_ll_lcd.o(i.LCD_WaitForSynchro), (24 bytes).
    Removing stm32l1xx_ll_lcd.o(i.LL_LCD_Clear), (52 bytes).
    Removing stm32l1xx_ll_lcd.o(i.LL_LCD_DeInit), (44 bytes).
    Removing stm32l1xx_ll_lcd.o(i.LL_LCD_Init), (180 bytes).
    Removing stm32l1xx_ll_lcd.o(i.LL_LCD_MspDeInit), (2 bytes).
    Removing stm32l1xx_ll_lcd.o(i.LL_LCD_MspInit), (2 bytes).
    Removing stm32l1xx_ll_lcd.o(i.LL_LCD_UpdateDisplayRequest), (44 bytes).
    Removing stm32l1xx_ll_lcd.o(i.LL_LCD_Write), (48 bytes).
    Removing stm32l1xx_ll_gpio.o(.rev16_text), (4 bytes).
    Removing stm32l1xx_ll_gpio.o(.revsh_text), (4 bytes).
    Removing stm32l1xx_ll_gpio.o(.rrx_text), (6 bytes).
    Removing stm32l1xx_ll_gpio.o(i.LL_AHB1_GRP1_ForceReset), (16 bytes).
    Removing stm32l1xx_ll_gpio.o(i.LL_AHB1_GRP1_ReleaseReset), (16 bytes).
    Removing stm32l1xx_ll_gpio.o(i.LL_GPIO_DeInit), (156 bytes).
    Removing stm32l1xx_ll_gpio.o(i.LL_GPIO_StructInit), (22 bytes).
    Removing stm32l1xx_ll_pwr.o(.rev16_text), (4 bytes).
    Removing stm32l1xx_ll_pwr.o(.revsh_text), (4 bytes).
    Removing stm32l1xx_ll_pwr.o(.rrx_text), (6 bytes).
    Removing stm32l1xx_ll_pwr.o(i.LL_PWR_DeInit), (36 bytes).
    Removing stm32l1xx_ll_rcc.o(.rev16_text), (4 bytes).
    Removing stm32l1xx_ll_rcc.o(.revsh_text), (4 bytes).
    Removing stm32l1xx_ll_rcc.o(.rrx_text), (6 bytes).
    Removing stm32l1xx_ll_rcc.o(i.LL_RCC_DeInit), (192 bytes).
    Removing stm32l1xx_ll_rcc.o(i.LL_RCC_GetSystemClocksFreq), (36 bytes).
    Removing stm32l1xx_ll_rcc.o(i.RCC_GetHCLKClockFreq), (32 bytes).
    Removing stm32l1xx_ll_rcc.o(i.RCC_GetPCLK1ClockFreq), (36 bytes).
    Removing stm32l1xx_ll_rcc.o(i.RCC_GetPCLK2ClockFreq), (36 bytes).
    Removing stm32l1xx_ll_rcc.o(i.RCC_GetSystemClockFreq), (136 bytes).
    Removing stm32l1xx_ll_rcc.o(i.RCC_PLL_GetFreqDomain_SYS), (120 bytes).
    Removing stm32l1xx_ll_utils.o(.rev16_text), (4 bytes).
    Removing stm32l1xx_ll_utils.o(.revsh_text), (4 bytes).
    Removing stm32l1xx_ll_utils.o(.rrx_text), (6 bytes).
    Removing stm32l1xx_ll_utils.o(i.LL_PLL_ConfigSystemClock_HSE), (152 bytes).
    Removing stm32l1xx_ll_utils.o(i.LL_PLL_ConfigSystemClock_HSI), (104 bytes).
    Removing stm32l1xx_ll_utils.o(i.LL_RCC_HSE_IsReady), (16 bytes).
    Removing stm32l1xx_ll_utils.o(i.LL_RCC_HSI_IsReady), (16 bytes).
    Removing stm32l1xx_ll_utils.o(i.LL_RCC_PLL_ConfigDomain_SYS), (28 bytes).
    Removing stm32l1xx_ll_utils.o(i.LL_RCC_PLL_IsReady), (16 bytes).
    Removing stm32l1xx_ll_utils.o(i.UTILS_EnablePLLAndSwitchSystem), (212 bytes).
    Removing stm32l1xx_ll_utils.o(i.UTILS_GetPLLOutputFrequency), (60 bytes).
    Removing stm32l1xx_ll_utils.o(i.UTILS_PLL_IsBusy), (16 bytes).
    Removing stm32l1xx_ll_utils.o(i.UTILS_SetFlashLatency), (152 bytes).
    Removing stm32l1xx_ll_tim.o(.rev16_text), (4 bytes).
    Removing stm32l1xx_ll_tim.o(.revsh_text), (4 bytes).
    Removing stm32l1xx_ll_tim.o(.rrx_text), (6 bytes).
    Removing stm32l1xx_ll_tim.o(i.IC1Config), (52 bytes).
    Removing stm32l1xx_ll_tim.o(i.IC2Config), (56 bytes).
    Removing stm32l1xx_ll_tim.o(i.IC3Config), (58 bytes).
    Removing stm32l1xx_ll_tim.o(i.IC4Config), (58 bytes).
    Removing stm32l1xx_ll_tim.o(i.LL_APB1_GRP1_ForceReset), (16 bytes).
    Removing stm32l1xx_ll_tim.o(i.LL_APB1_GRP1_ReleaseReset), (16 bytes).
    Removing stm32l1xx_ll_tim.o(i.LL_APB2_GRP1_ForceReset), (16 bytes).
    Removing stm32l1xx_ll_tim.o(i.LL_APB2_GRP1_ReleaseReset), (16 bytes).
    Removing stm32l1xx_ll_tim.o(i.LL_TIM_DeInit), (200 bytes).
    Removing stm32l1xx_ll_tim.o(i.LL_TIM_ENCODER_Init), (104 bytes).
    Removing stm32l1xx_ll_tim.o(i.LL_TIM_ENCODER_StructInit), (36 bytes).
    Removing stm32l1xx_ll_tim.o(i.LL_TIM_IC_Init), (92 bytes).
    Removing stm32l1xx_ll_tim.o(i.LL_TIM_IC_StructInit), (18 bytes).
    Removing stm32l1xx_ll_tim.o(i.LL_TIM_OC_StructInit), (12 bytes).
    Removing stm32l1xx_ll_tim.o(i.LL_TIM_StructInit), (16 bytes).
    Removing stm32l1xx_ll_tim.o(.constdata), (28 bytes).
    Removing stm32l152_glass_lcd.o(.rev16_text), (4 bytes).
    Removing stm32l152_glass_lcd.o(.revsh_text), (4 bytes).
    Removing stm32l152_glass_lcd.o(.rrx_text), (6 bytes).
    Removing stm32l152_glass_lcd.o(i.Convert), (216 bytes).
    Removing stm32l152_glass_lcd.o(i.LCD_GLASS_BarLevelConfig), (200 bytes).
    Removing stm32l152_glass_lcd.o(i.LCD_GLASS_BlinkConfig), (40 bytes).
    Removing stm32l152_glass_lcd.o(i.LCD_GLASS_Clear), (8 bytes).
    Removing stm32l152_glass_lcd.o(i.LCD_GLASS_ClearBar), (108 bytes).
    Removing stm32l152_glass_lcd.o(i.LCD_GLASS_Contrast), (32 bytes).
    Removing stm32l152_glass_lcd.o(i.LCD_GLASS_DisplayBar), (108 bytes).
    Removing stm32l152_glass_lcd.o(i.LCD_GLASS_DisplayChar), (1480 bytes).
    Removing stm32l152_glass_lcd.o(i.LCD_GLASS_DisplayStrDeci), (112 bytes).
    Removing stm32l152_glass_lcd.o(i.LCD_GLASS_DisplayString), (58 bytes).
    Removing stm32l152_glass_lcd.o(i.LCD_GLASS_Init), (76 bytes).
    Removing stm32l152_glass_lcd.o(i.LCD_GLASS_ScrollSentence), (208 bytes).
    Removing stm32l152_glass_lcd.o(i.LCD_GLASS_WriteChar), (28 bytes).
    Removing stm32l152_glass_lcd.o(i.LCD_MspInit), (248 bytes).
    Removing stm32l152_glass_lcd.o(i.LL_AHB1_GRP1_EnableClock), (28 bytes).
    Removing stm32l152_glass_lcd.o(i.LL_APB1_GRP1_EnableClock), (28 bytes).
    Removing stm32l152_glass_lcd.o(i.LL_RCC_LSE_IsReady), (16 bytes).
    Removing stm32l152_glass_lcd.o(.bss), (64 bytes).
    Removing stm32l152_glass_lcd.o(.constdata), (72 bytes).
    Removing stm32l152_glass_lcd.o(.data), (2 bytes).
    Removing dwt_delay.o(.rev16_text), (4 bytes).
    Removing dwt_delay.o(.revsh_text), (4 bytes).
    Removing dwt_delay.o(.rrx_text), (6 bytes).
    Removing dwt_delay.o(i.DWT_Init), (48 bytes).

100 unused section(s) (total 6409 bytes) removed from the image.

==============================================================================

Image Symbol Table

    Local Symbols

    Symbol Name                              Value     Ov Type        Size  Object(Section)

    ../clib/angel/boardlib.s                 0x00000000   Number         0  boardinit2.o ABSOLUTE
    ../clib/angel/boardlib.s                 0x00000000   Number         0  boardinit1.o ABSOLUTE
    ../clib/angel/boardlib.s                 0x00000000   Number         0  boardinit3.o ABSOLUTE
    ../clib/angel/boardlib.s                 0x00000000   Number         0  boardshut.o ABSOLUTE
    ../clib/angel/dclz77c.s                  0x00000000   Number         0  __dclz77c.o ABSOLUTE
    ../clib/angel/handlers.s                 0x00000000   Number         0  __scatter_zi.o ABSOLUTE
    ../clib/angel/kernel.s                   0x00000000   Number         0  __rtentry.o ABSOLUTE
    ../clib/angel/kernel.s                   0x00000000   Number         0  rtexit.o ABSOLUTE
    ../clib/angel/kernel.s                   0x00000000   Number         0  __rtentry4.o ABSOLUTE
    ../clib/angel/kernel.s                   0x00000000   Number         0  __rtentry2.o ABSOLUTE
    ../clib/angel/kernel.s                   0x00000000   Number         0  rtexit2.o ABSOLUTE
    ../clib/angel/rt.s                       0x00000000   Number         0  rt_raise.o ABSOLUTE
    ../clib/angel/scatter.s                  0x00000000   Number         0  __scatter.o ABSOLUTE
    ../clib/angel/startup.s                  0x00000000   Number         0  __main.o ABSOLUTE
    ../clib/angel/sys.s                      0x00000000   Number         0  use_no_semi.o ABSOLUTE
    ../clib/angel/sys.s                      0x00000000   Number         0  indicate_semi.o ABSOLUTE
    ../clib/angel/sys.s                      0x00000000   Number         0  libspace.o ABSOLUTE
    ../clib/angel/sys.s                      0x00000000   Number         0  sys_stackheap_outer.o ABSOLUTE
    ../clib/angel/sysapp.c                   0x00000000   Number         0  sys_command.o ABSOLUTE
    ../clib/angel/sysapp.c                   0x00000000   Number         0  sys_exit.o ABSOLUTE
    ../clib/angel/sysapp.c                   0x00000000   Number         0  sys_wrch.o ABSOLUTE
    ../clib/armsys.c                         0x00000000   Number         0  no_argv.o ABSOLUTE
    ../clib/armsys.c                         0x00000000   Number         0  argv_veneer.o ABSOLUTE
    ../clib/armsys.c                         0x00000000   Number         0  argv_veneer.o ABSOLUTE
    ../clib/armsys.c                         0x00000000   Number         0  _get_argv_nomalloc.o ABSOLUTE
    ../clib/heapalloc.c                      0x00000000   Number         0  hrguard.o ABSOLUTE
    ../clib/heapaux.c                        0x00000000   Number         0  heapauxi.o ABSOLUTE
    ../clib/libinit.s                        0x00000000   Number         0  libshutdown.o ABSOLUTE
    ../clib/libinit.s                        0x00000000   Number         0  libinit2.o ABSOLUTE
    ../clib/libinit.s                        0x00000000   Number         0  libshutdown2.o ABSOLUTE
    ../clib/libinit.s                        0x00000000   Number         0  libinit.o ABSOLUTE
    ../clib/memcpset.s                       0x00000000   Number         0  rt_memclr_w.o ABSOLUTE
    ../clib/signal.c                         0x00000000   Number         0  defsig_pvfn_inner.o ABSOLUTE
    ../clib/signal.c                         0x00000000   Number         0  defsig_abrt_inner.o ABSOLUTE
    ../clib/signal.c                         0x00000000   Number         0  defsig_other.o ABSOLUTE
    ../clib/signal.c                         0x00000000   Number         0  defsig_rtmem_outer.o ABSOLUTE
    ../clib/signal.c                         0x00000000   Number         0  defsig_exit.o ABSOLUTE
    ../clib/signal.c                         0x00000000   Number         0  defsig_rtmem_inner.o ABSOLUTE
    ../clib/signal.c                         0x00000000   Number         0  __raise.o ABSOLUTE
    ../clib/signal.c                         0x00000000   Number         0  defsig_general.o ABSOLUTE
    ../clib/signal.c                         0x00000000   Number         0  defsig_segv_inner.o ABSOLUTE
    ../clib/signal.c                         0x00000000   Number         0  defsig_rtmem_formal.o ABSOLUTE
    ../clib/signal.c                         0x00000000   Number         0  defsig_fpe_inner.o ABSOLUTE
    ../clib/signal.c                         0x00000000   Number         0  defsig_rtred_inner.o ABSOLUTE
    ../clib/signal.c                         0x00000000   Number         0  defsig_cppl_inner.o ABSOLUTE
    ../clib/signal.c                         0x00000000   Number         0  defsig_stak_inner.o ABSOLUTE
    ../clib/signal.s                         0x00000000   Number         0  defsig.o ABSOLUTE
    ../clib/stdlib.c                         0x00000000   Number         0  exit.o ABSOLUTE
    ../fplib/d2f.s                           0x00000000   Number         0  d2f.o ABSOLUTE
    ../fplib/ddiv.s                          0x00000000   Number         0  ddiv.o ABSOLUTE
    ../fplib/dflt.s                          0x00000000   Number         0  dflt_clz.o ABSOLUTE
    ../fplib/dmul.s                          0x00000000   Number         0  dmul.o ABSOLUTE
    ../fplib/dnaninf.s                       0x00000000   Number         0  dnaninf.o ABSOLUTE
    ../fplib/dretinf.s                       0x00000000   Number         0  dretinf.o ABSOLUTE
    ../fplib/fpinit.s                        0x00000000   Number         0  fpinit.o ABSOLUTE
    ../fplib/fretinf.s                       0x00000000   Number         0  fretinf.o ABSOLUTE
    ../fplib/usenofp.s                       0x00000000   Number         0  usenofp.o ABSOLUTE
    ..\..\Drivers\CMSIS\Device\ST\STM32L1xx\Source\Templates\arm\startup_stm32l152xb.s 0x00000000   Number         0  startup_stm32l152xb.o ABSOLUTE
    ..\..\Drivers\CMSIS\Device\ST\STM32L1xx\Source\Templates\system_stm32l1xx.c 0x00000000   Number         0  system_stm32l1xx.o ABSOLUTE
    ..\..\Drivers\STM32L1xx_HAL_Driver\Src\stm32l1xx_ll_gpio.c 0x00000000   Number         0  stm32l1xx_ll_gpio.o ABSOLUTE
    ..\..\Drivers\STM32L1xx_HAL_Driver\Src\stm32l1xx_ll_pwr.c 0x00000000   Number         0  stm32l1xx_ll_pwr.o ABSOLUTE
    ..\..\Drivers\STM32L1xx_HAL_Driver\Src\stm32l1xx_ll_rcc.c 0x00000000   Number         0  stm32l1xx_ll_rcc.o ABSOLUTE
    ..\..\Drivers\STM32L1xx_HAL_Driver\Src\stm32l1xx_ll_tim.c 0x00000000   Number         0  stm32l1xx_ll_tim.o ABSOLUTE
    ..\..\Drivers\STM32L1xx_HAL_Driver\Src\stm32l1xx_ll_utils.c 0x00000000   Number         0  stm32l1xx_ll_utils.o ABSOLUTE
    ..\\..\\Drivers\\CMSIS\\Device\\ST\\STM32L1xx\\Source\\Templates\\system_stm32l1xx.c 0x00000000   Number         0  system_stm32l1xx.o ABSOLUTE
    ..\\..\\Drivers\\STM32L1xx_HAL_Driver\\Src\\stm32l1xx_ll_gpio.c 0x00000000   Number         0  stm32l1xx_ll_gpio.o ABSOLUTE
    ..\\..\\Drivers\\STM32L1xx_HAL_Driver\\Src\\stm32l1xx_ll_pwr.c 0x00000000   Number         0  stm32l1xx_ll_pwr.o ABSOLUTE
    ..\\..\\Drivers\\STM32L1xx_HAL_Driver\\Src\\stm32l1xx_ll_rcc.c 0x00000000   Number         0  stm32l1xx_ll_rcc.o ABSOLUTE
    ..\\..\\Drivers\\STM32L1xx_HAL_Driver\\Src\\stm32l1xx_ll_tim.c 0x00000000   Number         0  stm32l1xx_ll_tim.o ABSOLUTE
    ..\\..\\Drivers\\STM32L1xx_HAL_Driver\\Src\\stm32l1xx_ll_utils.c 0x00000000   Number         0  stm32l1xx_ll_utils.o ABSOLUTE
    ..\\src\\dwt_delay.c                     0x00000000   Number         0  dwt_delay.o ABSOLUTE
    ..\\src\\main.c                          0x00000000   Number         0  main.o ABSOLUTE
    ..\\src\\stm32l152_glass_lcd.c           0x00000000   Number         0  stm32l152_glass_lcd.o ABSOLUTE
    ..\\src\\stm32l1xx_ll_lcd.c              0x00000000   Number         0  stm32l1xx_ll_lcd.o ABSOLUTE
    ..\src\dwt_delay.c                       0x00000000   Number         0  dwt_delay.o ABSOLUTE
    ..\src\main.c                            0x00000000   Number         0  main.o ABSOLUTE
    ..\src\stm32l152_glass_lcd.c             0x00000000   Number         0  stm32l152_glass_lcd.o ABSOLUTE
    ..\src\stm32l1xx_ll_lcd.c                0x00000000   Number         0  stm32l1xx_ll_lcd.o ABSOLUTE
    dc.s                                     0x00000000   Number         0  dc.o ABSOLUTE
    RESET                                    0x08000000   Section      244  startup_stm32l152xb.o(RESET)
    !!!main                                  0x080000f4   Section        8  __main.o(!!!main)
    !!!scatter                               0x080000fc   Section       52  __scatter.o(!!!scatter)
    !!dclz77c                                0x08000130   Section      100  __dclz77c.o(!!dclz77c)
    !!handler_zi                             0x08000194   Section       28  __scatter_zi.o(!!handler_zi)
    .ARM.Collect$$libinit$$00000000          0x080001b0   Section        2  libinit.o(.ARM.Collect$$libinit$$00000000)
    .ARM.Collect$$libinit$$00000002          0x080001b2   Section        0  libinit2.o(.ARM.Collect$$libinit$$00000002)
    .ARM.Collect$$libinit$$00000004          0x080001b2   Section        0  libinit2.o(.ARM.Collect$$libinit$$00000004)
    .ARM.Collect$$libinit$$0000000A          0x080001b2   Section        0  libinit2.o(.ARM.Collect$$libinit$$0000000A)
    .ARM.Collect$$libinit$$0000000C          0x080001b2   Section        0  libinit2.o(.ARM.Collect$$libinit$$0000000C)
    .ARM.Collect$$libinit$$0000000E          0x080001b2   Section        0  libinit2.o(.ARM.Collect$$libinit$$0000000E)
    .ARM.Collect$$libinit$$00000011          0x080001b2   Section        0  libinit2.o(.ARM.Collect$$libinit$$00000011)
    .ARM.Collect$$libinit$$00000013          0x080001b2   Section        0  libinit2.o(.ARM.Collect$$libinit$$00000013)
    .ARM.Collect$$libinit$$00000015          0x080001b2   Section        0  libinit2.o(.ARM.Collect$$libinit$$00000015)
    .ARM.Collect$$libinit$$00000017          0x080001b2   Section        0  libinit2.o(.ARM.Collect$$libinit$$00000017)
    .ARM.Collect$$libinit$$00000019          0x080001b2   Section        0  libinit2.o(.ARM.Collect$$libinit$$00000019)
    .ARM.Collect$$libinit$$0000001B          0x080001b2   Section        0  libinit2.o(.ARM.Collect$$libinit$$0000001B)
    .ARM.Collect$$libinit$$0000001D          0x080001b2   Section        0  libinit2.o(.ARM.Collect$$libinit$$0000001D)
    .ARM.Collect$$libinit$$0000001F          0x080001b2   Section        0  libinit2.o(.ARM.Collect$$libinit$$0000001F)
    .ARM.Collect$$libinit$$00000021          0x080001b2   Section        0  libinit2.o(.ARM.Collect$$libinit$$00000021)
    .ARM.Collect$$libinit$$00000023          0x080001b2   Section        0  libinit2.o(.ARM.Collect$$libinit$$00000023)
    .ARM.Collect$$libinit$$00000025          0x080001b2   Section        0  libinit2.o(.ARM.Collect$$libinit$$00000025)
    .ARM.Collect$$libinit$$0000002C          0x080001b2   Section        0  libinit2.o(.ARM.Collect$$libinit$$0000002C)
    .ARM.Collect$$libinit$$0000002E          0x080001b2   Section        0  libinit2.o(.ARM.Collect$$libinit$$0000002E)
    .ARM.Collect$$libinit$$00000030          0x080001b2   Section        0  libinit2.o(.ARM.Collect$$libinit$$00000030)
    .ARM.Collect$$libinit$$00000032          0x080001b2   Section        0  libinit2.o(.ARM.Collect$$libinit$$00000032)
    .ARM.Collect$$libinit$$00000033          0x080001b2   Section        2  libinit2.o(.ARM.Collect$$libinit$$00000033)
    .ARM.Collect$$libshutdown$$00000000      0x080001b4   Section        2  libshutdown.o(.ARM.Collect$$libshutdown$$00000000)
    .ARM.Collect$$libshutdown$$00000002      0x080001b6   Section        0  libshutdown2.o(.ARM.Collect$$libshutdown$$00000002)
    .ARM.Collect$$libshutdown$$00000004      0x080001b6   Section        0  libshutdown2.o(.ARM.Collect$$libshutdown$$00000004)
    .ARM.Collect$$libshutdown$$00000007      0x080001b6   Section        0  libshutdown2.o(.ARM.Collect$$libshutdown$$00000007)
    .ARM.Collect$$libshutdown$$0000000A      0x080001b6   Section        0  libshutdown2.o(.ARM.Collect$$libshutdown$$0000000A)
    .ARM.Collect$$libshutdown$$0000000C      0x080001b6   Section        0  libshutdown2.o(.ARM.Collect$$libshutdown$$0000000C)
    .ARM.Collect$$libshutdown$$0000000F      0x080001b6   Section        0  libshutdown2.o(.ARM.Collect$$libshutdown$$0000000F)
    .ARM.Collect$$libshutdown$$00000010      0x080001b6   Section        2  libshutdown2.o(.ARM.Collect$$libshutdown$$00000010)
    .ARM.Collect$$rtentry$$00000000          0x080001b8   Section        0  __rtentry.o(.ARM.Collect$$rtentry$$00000000)
    .ARM.Collect$$rtentry$$00000002          0x080001b8   Section        0  __rtentry2.o(.ARM.Collect$$rtentry$$00000002)
    .ARM.Collect$$rtentry$$00000004          0x080001b8   Section        6  __rtentry4.o(.ARM.Collect$$rtentry$$00000004)
    .ARM.Collect$$rtentry$$00000009          0x080001be   Section        0  __rtentry2.o(.ARM.Collect$$rtentry$$00000009)
    .ARM.Collect$$rtentry$$0000000A          0x080001be   Section        4  __rtentry2.o(.ARM.Collect$$rtentry$$0000000A)
    .ARM.Collect$$rtentry$$0000000C          0x080001c2   Section        0  __rtentry2.o(.ARM.Collect$$rtentry$$0000000C)
    .ARM.Collect$$rtentry$$0000000D          0x080001c2   Section        8  __rtentry2.o(.ARM.Collect$$rtentry$$0000000D)
    .ARM.Collect$$rtexit$$00000000           0x080001ca   Section        2  rtexit.o(.ARM.Collect$$rtexit$$00000000)
    .ARM.Collect$$rtexit$$00000002           0x080001cc   Section        0  rtexit2.o(.ARM.Collect$$rtexit$$00000002)
    .ARM.Collect$$rtexit$$00000003           0x080001cc   Section        4  rtexit2.o(.ARM.Collect$$rtexit$$00000003)
    .ARM.Collect$$rtexit$$00000004           0x080001d0   Section        6  rtexit2.o(.ARM.Collect$$rtexit$$00000004)
    .text                                    0x080001d8   Section       64  startup_stm32l152xb.o(.text)
    .text                                    0x08000218   Section        0  heapauxi.o(.text)
    .text                                    0x0800021e   Section       74  sys_stackheap_outer.o(.text)
    .text                                    0x08000268   Section        0  exit.o(.text)
    .text                                    0x0800027c   Section        8  libspace.o(.text)
    .text                                    0x08000284   Section        0  sys_exit.o(.text)
    .text                                    0x08000290   Section        2  use_no_semi.o(.text)
    .text                                    0x08000292   Section        0  indicate_semi.o(.text)
    i.DS1820_ResetPulse                      0x08000294   Section        0  main.o(i.DS1820_ResetPulse)
    i.DWT_Delay                              0x080002dc   Section        0  dwt_delay.o(i.DWT_Delay)
    i.GPIO_Config                            0x0800030c   Section        0  main.o(i.GPIO_Config)
    i.LL_AHB1_GRP1_EnableClock               0x08000414   Section        0  main.o(i.LL_AHB1_GRP1_EnableClock)
    LL_AHB1_GRP1_EnableClock                 0x08000415   Thumb Code    24  main.o(i.LL_AHB1_GRP1_EnableClock)
    i.LL_APB1_GRP1_EnableClock               0x08000430   Section        0  main.o(i.LL_APB1_GRP1_EnableClock)
    LL_APB1_GRP1_EnableClock                 0x08000431   Thumb Code    24  main.o(i.LL_APB1_GRP1_EnableClock)
    i.LL_GPIO_Init                           0x0800044c   Section        0  stm32l1xx_ll_gpio.o(i.LL_GPIO_Init)
    i.LL_GPIO_IsInputPinSet                  0x08000590   Section        0  main.o(i.LL_GPIO_IsInputPinSet)
    LL_GPIO_IsInputPinSet                    0x08000591   Thumb Code    18  main.o(i.LL_GPIO_IsInputPinSet)
    i.LL_GPIO_ResetOutputPin                 0x080005a2   Section        0  main.o(i.LL_GPIO_ResetOutputPin)
    LL_GPIO_ResetOutputPin                   0x080005a3   Thumb Code     6  main.o(i.LL_GPIO_ResetOutputPin)
    i.LL_GPIO_SetOutputPin                   0x080005a8   Section        0  main.o(i.LL_GPIO_SetOutputPin)
    LL_GPIO_SetOutputPin                     0x080005a9   Thumb Code     4  main.o(i.LL_GPIO_SetOutputPin)
    i.LL_GPIO_SetPinMode                     0x080005ac   Section        0  main.o(i.LL_GPIO_SetPinMode)
    LL_GPIO_SetPinMode                       0x080005ad   Thumb Code    40  main.o(i.LL_GPIO_SetPinMode)
    i.LL_GPIO_SetPinPull                     0x080005d4   Section        0  main.o(i.LL_GPIO_SetPinPull)
    LL_GPIO_SetPinPull                       0x080005d5   Thumb Code    40  main.o(i.LL_GPIO_SetPinPull)
    i.LL_Init1msTick                         0x080005fc   Section        0  stm32l1xx_ll_utils.o(i.LL_Init1msTick)
    i.LL_RCC_HSI_IsReady                     0x08000618   Section        0  main.o(i.LL_RCC_HSI_IsReady)
    LL_RCC_HSI_IsReady                       0x08000619   Thumb Code    10  main.o(i.LL_RCC_HSI_IsReady)
    i.LL_SetSystemCoreClock                  0x08000628   Section        0  stm32l1xx_ll_utils.o(i.LL_SetSystemCoreClock)
    i.LL_TIM_ClearFlag_UPDATE                0x08000634   Section        0  main.o(i.LL_TIM_ClearFlag_UPDATE)
    LL_TIM_ClearFlag_UPDATE                  0x08000635   Thumb Code     8  main.o(i.LL_TIM_ClearFlag_UPDATE)
    i.LL_TIM_EnableCounter                   0x0800063c   Section        0  main.o(i.LL_TIM_EnableCounter)
    LL_TIM_EnableCounter                     0x0800063d   Thumb Code    10  main.o(i.LL_TIM_EnableCounter)
    i.LL_TIM_GetAutoReload                   0x08000646   Section        0  main.o(i.LL_TIM_GetAutoReload)
    LL_TIM_GetAutoReload                     0x08000647   Thumb Code     6  main.o(i.LL_TIM_GetAutoReload)
    i.LL_TIM_Init                            0x0800064c   Section        0  stm32l1xx_ll_tim.o(i.LL_TIM_Init)
    i.LL_TIM_IsActiveFlag_UPDATE             0x080006d0   Section        0  main.o(i.LL_TIM_IsActiveFlag_UPDATE)
    LL_TIM_IsActiveFlag_UPDATE               0x080006d1   Thumb Code    10  main.o(i.LL_TIM_IsActiveFlag_UPDATE)
    i.LL_TIM_OC_Init                         0x080006da   Section        0  stm32l1xx_ll_tim.o(i.LL_TIM_OC_Init)
    i.LL_TIM_OC_SetCompareCH1                0x08000736   Section        0  main.o(i.LL_TIM_OC_SetCompareCH1)
    LL_TIM_OC_SetCompareCH1                  0x08000737   Thumb Code     4  main.o(i.LL_TIM_OC_SetCompareCH1)
    i.LL_TIM_SetAutoReload                   0x0800073a   Section        0  main.o(i.LL_TIM_SetAutoReload)
    LL_TIM_SetAutoReload                     0x0800073b   Thumb Code     4  main.o(i.LL_TIM_SetAutoReload)
    i.LL_TIM_SetCounter                      0x0800073e   Section        0  main.o(i.LL_TIM_SetCounter)
    LL_TIM_SetCounter                        0x0800073f   Thumb Code     4  main.o(i.LL_TIM_SetCounter)
    i.LL_mDelay                              0x08000742   Section        0  stm32l1xx_ll_utils.o(i.LL_mDelay)
    i.OC1Config                              0x0800076a   Section        0  stm32l1xx_ll_tim.o(i.OC1Config)
    OC1Config                                0x0800076b   Thumb Code    74  stm32l1xx_ll_tim.o(i.OC1Config)
    i.OC2Config                              0x080007b4   Section        0  stm32l1xx_ll_tim.o(i.OC2Config)
    OC2Config                                0x080007b5   Thumb Code    74  stm32l1xx_ll_tim.o(i.OC2Config)
    i.OC3Config                              0x080007fe   Section        0  stm32l1xx_ll_tim.o(i.OC3Config)
    OC3Config                                0x080007ff   Thumb Code    74  stm32l1xx_ll_tim.o(i.OC3Config)
    i.OC4Config                              0x08000848   Section        0  stm32l1xx_ll_tim.o(i.OC4Config)
    OC4Config                                0x08000849   Thumb Code    74  stm32l1xx_ll_tim.o(i.OC4Config)
    i.OW_Master                              0x08000894   Section        0  main.o(i.OW_Master)
    i.OW_ReadBit                             0x080008b0   Section        0  main.o(i.OW_ReadBit)
    i.OW_ReadByte                            0x080008d8   Section        0  main.o(i.OW_ReadByte)
    i.OW_Slave                               0x08000904   Section        0  main.o(i.OW_Slave)
    i.OW_WriteBit                            0x08000920   Section        0  main.o(i.OW_WriteBit)
    i.OW_WriteByte                           0x0800095c   Section        0  main.o(i.OW_WriteByte)
    i.SystemClock_Config                     0x08000978   Section        0  main.o(i.SystemClock_Config)
    i.SystemInit                             0x08000aa4   Section        0  system_stm32l1xx.o(i.SystemInit)
    i.TIM4_IRQHandler                        0x08000b08   Section        0  main.o(i.TIM4_IRQHandler)
    i.TIM_BASE_Config                        0x08000b28   Section        0  main.o(i.TIM_BASE_Config)
    i.TIM_BASE_DurationConfig                0x08000b50   Section        0  main.o(i.TIM_BASE_DurationConfig)
    i.TIM_OC_Config                          0x08000b88   Section        0  main.o(i.TIM_OC_Config)
    i.TIM_OC_GPIO_Config                     0x08000bcc   Section        0  main.o(i.TIM_OC_GPIO_Config)
    i.Temp                                   0x08000bfc   Section        0  main.o(i.Temp)
    i.main                                   0x08000c88   Section        0  main.o(i.main)
    x$fpl$d2f                                0x080011f4   Section       98  d2f.o(x$fpl$d2f)
    x$fpl$ddiv                               0x08001258   Section      688  ddiv.o(x$fpl$ddiv)
    ddiv_entry                               0x0800125f   Thumb Code     0  ddiv.o(x$fpl$ddiv)
    x$fpl$dfltu                              0x08001508   Section       38  dflt_clz.o(x$fpl$dfltu)
    x$fpl$dmul                               0x08001530   Section      340  dmul.o(x$fpl$dmul)
    x$fpl$dnaninf                            0x08001684   Section      156  dnaninf.o(x$fpl$dnaninf)
    x$fpl$dretinf                            0x08001720   Section       12  dretinf.o(x$fpl$dretinf)
    x$fpl$fretinf                            0x0800172c   Section       10  fretinf.o(x$fpl$fretinf)
    x$fpl$usenofp                            0x08001736   Section        0  usenofp.o(x$fpl$usenofp)
    .constdata                               0x08001738   Section       44  main.o(.constdata)
    OFFSET_TAB_CCMRx                         0x08001738   Data           7  main.o(.constdata)
    SHIFT_TAB_OCxx                           0x0800173f   Data           7  main.o(.constdata)
    SHIFT_TAB_ICxx                           0x08001746   Data           7  main.o(.constdata)
    SHIFT_TAB_CCxP                           0x0800174d   Data           7  main.o(.constdata)
    .data                                    0x20000000   Section        4  system_stm32l1xx.o(.data)
    .data                                    0x20000004   Section     2152  main.o(.data)
    .bss                                     0x2000086c   Section       96  libspace.o(.bss)
    HEAP                                     0x200008d0   Section      512  startup_stm32l152xb.o(HEAP)
    Heap_Mem                                 0x200008d0   Data         512  startup_stm32l152xb.o(HEAP)
    STACK                                    0x20000ad0   Section     1024  startup_stm32l152xb.o(STACK)
    Stack_Mem                                0x20000ad0   Data        1024  startup_stm32l152xb.o(STACK)
    __initial_sp                             0x20000ed0   Data           0  startup_stm32l152xb.o(STACK)

    Global Symbols

    Symbol Name                              Value     Ov Type        Size  Object(Section)

    BuildAttributes$$THM_ISAv4$P$D$K$B$S$PE$A:L22UL41UL21$X:L11$S22US41US21$IEEE1$IW$USESV6$~STKCKD$USESV7$~SHL$OSPACE$ROPI$EBA8$UX$STANDARDLIB$REQ8$PRES8$EABIv2 0x00000000   Number         0  anon$$obj.o ABSOLUTE
    __ARM_use_no_argv                        0x00000000   Number         0  main.o ABSOLUTE
    __ARM_exceptions_init                     - Undefined Weak Reference
    __alloca_initialize                       - Undefined Weak Reference
    __arm_preinit_                            - Undefined Weak Reference
    __cpp_initialize__aeabi_                  - Undefined Weak Reference
    __cxa_finalize                            - Undefined Weak Reference
    __rt_locale                               - Undefined Weak Reference
    __sigvec_lookup                           - Undefined Weak Reference
    _atexit_init                              - Undefined Weak Reference
    _call_atexit_fns                          - Undefined Weak Reference
    _clock_init                               - Undefined Weak Reference
    _fp_trap_init                             - Undefined Weak Reference
    _fp_trap_shutdown                         - Undefined Weak Reference
    _get_lc_collate                           - Undefined Weak Reference
    _get_lc_ctype                             - Undefined Weak Reference
    _get_lc_monetary                          - Undefined Weak Reference
    _get_lc_numeric                           - Undefined Weak Reference
    _get_lc_time                              - Undefined Weak Reference
    _getenv_init                              - Undefined Weak Reference
    _handle_redirection                       - Undefined Weak Reference
    _init_alloc                               - Undefined Weak Reference
    _init_user_alloc                          - Undefined Weak Reference
    _initio                                   - Undefined Weak Reference
    _rand_init                                - Undefined Weak Reference
    _signal_finish                            - Undefined Weak Reference
    _signal_init                              - Undefined Weak Reference
    _terminate_alloc                          - Undefined Weak Reference
    _terminate_user_alloc                     - Undefined Weak Reference
    _terminateio                              - Undefined Weak Reference
    __Vectors_Size                           0x000000f4   Number         0  startup_stm32l152xb.o ABSOLUTE
    __Vectors                                0x08000000   Data           4  startup_stm32l152xb.o(RESET)
    __Vectors_End                            0x080000f4   Data           0  startup_stm32l152xb.o(RESET)
    __main                                   0x080000f5   Thumb Code     8  __main.o(!!!main)
    __scatterload                            0x080000fd   Thumb Code     0  __scatter.o(!!!scatter)
    __scatterload_rt2                        0x080000fd   Thumb Code    44  __scatter.o(!!!scatter)
    __scatterload_rt2_thumb_only             0x080000fd   Thumb Code     0  __scatter.o(!!!scatter)
    __scatterload_null                       0x0800010b   Thumb Code     0  __scatter.o(!!!scatter)
    __decompress                             0x08000131   Thumb Code   100  __dclz77c.o(!!dclz77c)
    __decompress2                            0x08000131   Thumb Code     0  __dclz77c.o(!!dclz77c)
    __scatterload_zeroinit                   0x08000195   Thumb Code    28  __scatter_zi.o(!!handler_zi)
    __rt_lib_init                            0x080001b1   Thumb Code     0  libinit.o(.ARM.Collect$$libinit$$00000000)
    __rt_lib_init_alloca_1                   0x080001b3   Thumb Code     0  libinit2.o(.ARM.Collect$$libinit$$0000002E)
    __rt_lib_init_argv_1                     0x080001b3   Thumb Code     0  libinit2.o(.ARM.Collect$$libinit$$0000002C)
    __rt_lib_init_atexit_1                   0x080001b3   Thumb Code     0  libinit2.o(.ARM.Collect$$libinit$$0000001B)
    __rt_lib_init_clock_1                    0x080001b3   Thumb Code     0  libinit2.o(.ARM.Collect$$libinit$$00000021)
    __rt_lib_init_cpp_1                      0x080001b3   Thumb Code     0  libinit2.o(.ARM.Collect$$libinit$$00000032)
    __rt_lib_init_exceptions_1               0x080001b3   Thumb Code     0  libinit2.o(.ARM.Collect$$libinit$$00000030)
    __rt_lib_init_fp_1                       0x080001b3   Thumb Code     0  libinit2.o(.ARM.Collect$$libinit$$00000002)
    __rt_lib_init_fp_trap_1                  0x080001b3   Thumb Code     0  libinit2.o(.ARM.Collect$$libinit$$0000001F)
    __rt_lib_init_getenv_1                   0x080001b3   Thumb Code     0  libinit2.o(.ARM.Collect$$libinit$$00000023)
    __rt_lib_init_heap_1                     0x080001b3   Thumb Code     0  libinit2.o(.ARM.Collect$$libinit$$0000000A)
    __rt_lib_init_lc_collate_1               0x080001b3   Thumb Code     0  libinit2.o(.ARM.Collect$$libinit$$00000011)
    __rt_lib_init_lc_ctype_1                 0x080001b3   Thumb Code     0  libinit2.o(.ARM.Collect$$libinit$$00000013)
    __rt_lib_init_lc_monetary_1              0x080001b3   Thumb Code     0  libinit2.o(.ARM.Collect$$libinit$$00000015)
    __rt_lib_init_lc_numeric_1               0x080001b3   Thumb Code     0  libinit2.o(.ARM.Collect$$libinit$$00000017)
    __rt_lib_init_lc_time_1                  0x080001b3   Thumb Code     0  libinit2.o(.ARM.Collect$$libinit$$00000019)
    __rt_lib_init_preinit_1                  0x080001b3   Thumb Code     0  libinit2.o(.ARM.Collect$$libinit$$00000004)
    __rt_lib_init_rand_1                     0x080001b3   Thumb Code     0  libinit2.o(.ARM.Collect$$libinit$$0000000E)
    __rt_lib_init_return                     0x080001b3   Thumb Code     0  libinit2.o(.ARM.Collect$$libinit$$00000033)
    __rt_lib_init_signal_1                   0x080001b3   Thumb Code     0  libinit2.o(.ARM.Collect$$libinit$$0000001D)
    __rt_lib_init_stdio_1                    0x080001b3   Thumb Code     0  libinit2.o(.ARM.Collect$$libinit$$00000025)
    __rt_lib_init_user_alloc_1               0x080001b3   Thumb Code     0  libinit2.o(.ARM.Collect$$libinit$$0000000C)
    __rt_lib_shutdown                        0x080001b5   Thumb Code     0  libshutdown.o(.ARM.Collect$$libshutdown$$00000000)
    __rt_lib_shutdown_cpp_1                  0x080001b7   Thumb Code     0  libshutdown2.o(.ARM.Collect$$libshutdown$$00000002)
    __rt_lib_shutdown_fp_trap_1              0x080001b7   Thumb Code     0  libshutdown2.o(.ARM.Collect$$libshutdown$$00000007)
    __rt_lib_shutdown_heap_1                 0x080001b7   Thumb Code     0  libshutdown2.o(.ARM.Collect$$libshutdown$$0000000F)
    __rt_lib_shutdown_return                 0x080001b7   Thumb Code     0  libshutdown2.o(.ARM.Collect$$libshutdown$$00000010)
    __rt_lib_shutdown_signal_1               0x080001b7   Thumb Code     0  libshutdown2.o(.ARM.Collect$$libshutdown$$0000000A)
    __rt_lib_shutdown_stdio_1                0x080001b7   Thumb Code     0  libshutdown2.o(.ARM.Collect$$libshutdown$$00000004)
    __rt_lib_shutdown_user_alloc_1           0x080001b7   Thumb Code     0  libshutdown2.o(.ARM.Collect$$libshutdown$$0000000C)
    __rt_entry                               0x080001b9   Thumb Code     0  __rtentry.o(.ARM.Collect$$rtentry$$00000000)
    __rt_entry_presh_1                       0x080001b9   Thumb Code     0  __rtentry2.o(.ARM.Collect$$rtentry$$00000002)
    __rt_entry_sh                            0x080001b9   Thumb Code     0  __rtentry4.o(.ARM.Collect$$rtentry$$00000004)
    __rt_entry_li                            0x080001bf   Thumb Code     0  __rtentry2.o(.ARM.Collect$$rtentry$$0000000A)
    __rt_entry_postsh_1                      0x080001bf   Thumb Code     0  __rtentry2.o(.ARM.Collect$$rtentry$$00000009)
    __rt_entry_main                          0x080001c3   Thumb Code     0  __rtentry2.o(.ARM.Collect$$rtentry$$0000000D)
    __rt_entry_postli_1                      0x080001c3   Thumb Code     0  __rtentry2.o(.ARM.Collect$$rtentry$$0000000C)
    __rt_exit                                0x080001cb   Thumb Code     0  rtexit.o(.ARM.Collect$$rtexit$$00000000)
    __rt_exit_ls                             0x080001cd   Thumb Code     0  rtexit2.o(.ARM.Collect$$rtexit$$00000003)
    __rt_exit_prels_1                        0x080001cd   Thumb Code     0  rtexit2.o(.ARM.Collect$$rtexit$$00000002)
    __rt_exit_exit                           0x080001d1   Thumb Code     0  rtexit2.o(.ARM.Collect$$rtexit$$00000004)
    Reset_Handler                            0x080001d9   Thumb Code     8  startup_stm32l152xb.o(.text)
    NMI_Handler                              0x080001e1   Thumb Code     2  startup_stm32l152xb.o(.text)
    HardFault_Handler                        0x080001e3   Thumb Code     2  startup_stm32l152xb.o(.text)
    MemManage_Handler                        0x080001e5   Thumb Code     2  startup_stm32l152xb.o(.text)
    BusFault_Handler                         0x080001e7   Thumb Code     2  startup_stm32l152xb.o(.text)
    UsageFault_Handler                       0x080001e9   Thumb Code     2  startup_stm32l152xb.o(.text)
    SVC_Handler                              0x080001eb   Thumb Code     2  startup_stm32l152xb.o(.text)
    DebugMon_Handler                         0x080001ed   Thumb Code     2  startup_stm32l152xb.o(.text)
    PendSV_Handler                           0x080001ef   Thumb Code     2  startup_stm32l152xb.o(.text)
    SysTick_Handler                          0x080001f1   Thumb Code     2  startup_stm32l152xb.o(.text)
    ADC1_IRQHandler                          0x080001f3   Thumb Code     0  startup_stm32l152xb.o(.text)
    COMP_IRQHandler                          0x080001f3   Thumb Code     0  startup_stm32l152xb.o(.text)
    DAC_IRQHandler                           0x080001f3   Thumb Code     0  startup_stm32l152xb.o(.text)
    DMA1_Channel1_IRQHandler                 0x080001f3   Thumb Code     0  startup_stm32l152xb.o(.text)
    DMA1_Channel2_IRQHandler                 0x080001f3   Thumb Code     0  startup_stm32l152xb.o(.text)
    DMA1_Channel3_IRQHandler                 0x080001f3   Thumb Code     0  startup_stm32l152xb.o(.text)
    DMA1_Channel4_IRQHandler                 0x080001f3   Thumb Code     0  startup_stm32l152xb.o(.text)
    DMA1_Channel5_IRQHandler                 0x080001f3   Thumb Code     0  startup_stm32l152xb.o(.text)
    DMA1_Channel6_IRQHandler                 0x080001f3   Thumb Code     0  startup_stm32l152xb.o(.text)
    DMA1_Channel7_IRQHandler                 0x080001f3   Thumb Code     0  startup_stm32l152xb.o(.text)
    EXTI0_IRQHandler                         0x080001f3   Thumb Code     0  startup_stm32l152xb.o(.text)
    EXTI15_10_IRQHandler                     0x080001f3   Thumb Code     0  startup_stm32l152xb.o(.text)
    EXTI1_IRQHandler                         0x080001f3   Thumb Code     0  startup_stm32l152xb.o(.text)
    EXTI2_IRQHandler                         0x080001f3   Thumb Code     0  startup_stm32l152xb.o(.text)
    EXTI3_IRQHandler                         0x080001f3   Thumb Code     0  startup_stm32l152xb.o(.text)
    EXTI4_IRQHandler                         0x080001f3   Thumb Code     0  startup_stm32l152xb.o(.text)
    EXTI9_5_IRQHandler                       0x080001f3   Thumb Code     0  startup_stm32l152xb.o(.text)
    FLASH_IRQHandler                         0x080001f3   Thumb Code     0  startup_stm32l152xb.o(.text)
    I2C1_ER_IRQHandler                       0x080001f3   Thumb Code     0  startup_stm32l152xb.o(.text)
    I2C1_EV_IRQHandler                       0x080001f3   Thumb Code     0  startup_stm32l152xb.o(.text)
    I2C2_ER_IRQHandler                       0x080001f3   Thumb Code     0  startup_stm32l152xb.o(.text)
    I2C2_EV_IRQHandler                       0x080001f3   Thumb Code     0  startup_stm32l152xb.o(.text)
    LCD_IRQHandler                           0x080001f3   Thumb Code     0  startup_stm32l152xb.o(.text)
    PVD_IRQHandler                           0x080001f3   Thumb Code     0  startup_stm32l152xb.o(.text)
    RCC_IRQHandler                           0x080001f3   Thumb Code     0  startup_stm32l152xb.o(.text)
    RTC_Alarm_IRQHandler                     0x080001f3   Thumb Code     0  startup_stm32l152xb.o(.text)
    RTC_WKUP_IRQHandler                      0x080001f3   Thumb Code     0  startup_stm32l152xb.o(.text)
    SPI1_IRQHandler                          0x080001f3   Thumb Code     0  startup_stm32l152xb.o(.text)
    SPI2_IRQHandler                          0x080001f3   Thumb Code     0  startup_stm32l152xb.o(.text)
    TAMPER_STAMP_IRQHandler                  0x080001f3   Thumb Code     0  startup_stm32l152xb.o(.text)
    TIM10_IRQHandler                         0x080001f3   Thumb Code     0  startup_stm32l152xb.o(.text)
    TIM11_IRQHandler                         0x080001f3   Thumb Code     0  startup_stm32l152xb.o(.text)
    TIM2_IRQHandler                          0x080001f3   Thumb Code     0  startup_stm32l152xb.o(.text)
    TIM3_IRQHandler                          0x080001f3   Thumb Code     0  startup_stm32l152xb.o(.text)
    TIM6_IRQHandler                          0x080001f3   Thumb Code     0  startup_stm32l152xb.o(.text)
    TIM7_IRQHandler                          0x080001f3   Thumb Code     0  startup_stm32l152xb.o(.text)
    TIM9_IRQHandler                          0x080001f3   Thumb Code     0  startup_stm32l152xb.o(.text)
    USART1_IRQHandler                        0x080001f3   Thumb Code     0  startup_stm32l152xb.o(.text)
    USART2_IRQHandler                        0x080001f3   Thumb Code     0  startup_stm32l152xb.o(.text)
    USART3_IRQHandler                        0x080001f3   Thumb Code     0  startup_stm32l152xb.o(.text)
    USB_FS_WKUP_IRQHandler                   0x080001f3   Thumb Code     0  startup_stm32l152xb.o(.text)
    USB_HP_IRQHandler                        0x080001f3   Thumb Code     0  startup_stm32l152xb.o(.text)
    USB_LP_IRQHandler                        0x080001f3   Thumb Code     0  startup_stm32l152xb.o(.text)
    WWDG_IRQHandler                          0x080001f3   Thumb Code     0  startup_stm32l152xb.o(.text)
    __user_initial_stackheap                 0x080001f5   Thumb Code     0  startup_stm32l152xb.o(.text)
    __use_two_region_memory                  0x08000219   Thumb Code     2  heapauxi.o(.text)
    __rt_heap_escrow$2region                 0x0800021b   Thumb Code     2  heapauxi.o(.text)
    __rt_heap_expand$2region                 0x0800021d   Thumb Code     2  heapauxi.o(.text)
    __user_setup_stackheap                   0x0800021f   Thumb Code    74  sys_stackheap_outer.o(.text)
    exit                                     0x08000269   Thumb Code    18  exit.o(.text)
    __user_libspace                          0x0800027d   Thumb Code     8  libspace.o(.text)
    __user_perproc_libspace                  0x0800027d   Thumb Code     0  libspace.o(.text)
    __user_perthread_libspace                0x0800027d   Thumb Code     0  libspace.o(.text)
    _sys_exit                                0x08000285   Thumb Code     8  sys_exit.o(.text)
    __I$use$semihosting                      0x08000291   Thumb Code     0  use_no_semi.o(.text)
    __use_no_semihosting_swi                 0x08000291   Thumb Code     2  use_no_semi.o(.text)
    __semihosting_library_function           0x08000293   Thumb Code     0  indicate_semi.o(.text)
    DS1820_ResetPulse                        0x08000295   Thumb Code    66  main.o(i.DS1820_ResetPulse)
    DWT_Delay                                0x080002dd   Thumb Code    34  dwt_delay.o(i.DWT_Delay)
    GPIO_Config                              0x0800030d   Thumb Code   238  main.o(i.GPIO_Config)
    LL_GPIO_Init                             0x0800044d   Thumb Code   324  stm32l1xx_ll_gpio.o(i.LL_GPIO_Init)
    LL_Init1msTick                           0x080005fd   Thumb Code    28  stm32l1xx_ll_utils.o(i.LL_Init1msTick)
    LL_SetSystemCoreClock                    0x08000629   Thumb Code     6  stm32l1xx_ll_utils.o(i.LL_SetSystemCoreClock)
    LL_TIM_Init                              0x0800064d   Thumb Code   112  stm32l1xx_ll_tim.o(i.LL_TIM_Init)
    LL_TIM_OC_Init                           0x080006db   Thumb Code    92  stm32l1xx_ll_tim.o(i.LL_TIM_OC_Init)
    LL_mDelay                                0x08000743   Thumb Code    40  stm32l1xx_ll_utils.o(i.LL_mDelay)
    OW_Master                                0x08000895   Thumb Code    24  main.o(i.OW_Master)
    OW_ReadBit                               0x080008b1   Thumb Code    36  main.o(i.OW_ReadBit)
    OW_ReadByte                              0x080008d9   Thumb Code    42  main.o(i.OW_ReadByte)
    OW_Slave                                 0x08000905   Thumb Code    24  main.o(i.OW_Slave)
    OW_WriteBit                              0x08000921   Thumb Code    54  main.o(i.OW_WriteBit)
    OW_WriteByte                             0x0800095d   Thumb Code    28  main.o(i.OW_WriteByte)
    SystemClock_Config                       0x08000979   Thumb Code   282  main.o(i.SystemClock_Config)
    SystemInit                               0x08000aa5   Thumb Code    82  system_stm32l1xx.o(i.SystemInit)
    TIM4_IRQHandler                          0x08000b09   Thumb Code    28  main.o(i.TIM4_IRQHandler)
    TIM_BASE_Config                          0x08000b29   Thumb Code    36  main.o(i.TIM_BASE_Config)
    TIM_BASE_DurationConfig                  0x08000b51   Thumb Code    54  main.o(i.TIM_BASE_DurationConfig)
    TIM_OC_Config                            0x08000b89   Thumb Code    64  main.o(i.TIM_OC_Config)
    TIM_OC_GPIO_Config                       0x08000bcd   Thumb Code    44  main.o(i.TIM_OC_GPIO_Config)
    Temp                                     0x08000bfd   Thumb Code   114  main.o(i.Temp)
    main                                     0x08000c89   Thumb Code  1344  main.o(i.main)
    __aeabi_d2f                              0x080011f5   Thumb Code     0  d2f.o(x$fpl$d2f)
    _d2f                                     0x080011f5   Thumb Code    98  d2f.o(x$fpl$d2f)
    __aeabi_ddiv                             0x08001259   Thumb Code     0  ddiv.o(x$fpl$ddiv)
    _ddiv                                    0x08001259   Thumb Code   552  ddiv.o(x$fpl$ddiv)
    __aeabi_ui2d                             0x08001509   Thumb Code     0  dflt_clz.o(x$fpl$dfltu)
    _dfltu                                   0x08001509   Thumb Code    38  dflt_clz.o(x$fpl$dfltu)
    __aeabi_dmul                             0x08001531   Thumb Code     0  dmul.o(x$fpl$dmul)
    _dmul                                    0x08001531   Thumb Code   332  dmul.o(x$fpl$dmul)
    __fpl_dnaninf                            0x08001685   Thumb Code   156  dnaninf.o(x$fpl$dnaninf)
    __fpl_dretinf                            0x08001721   Thumb Code    12  dretinf.o(x$fpl$dretinf)
    __fpl_fretinf                            0x0800172d   Thumb Code    10  fretinf.o(x$fpl$fretinf)
    __I$use$fp                               0x08001736   Number         0  usenofp.o(x$fpl$usenofp)
    Region$$Table$$Base                      0x08001764   Number         0  anon$$obj.o(Region$$Table)
    Region$$Table$$Limit                     0x08001784   Number         0  anon$$obj.o(Region$$Table)
    SystemCoreClock                          0x20000000   Data           4  system_stm32l1xx.o(.data)
    tetris                                   0x20000004   Data         408  main.o(.data)
    Pirate                                   0x2000019c   Data        1600  main.o(.data)
    m1                                       0x200007dc   Data          16  main.o(.data)
    m2                                       0x200007ec   Data          16  main.o(.data)
    m3                                       0x200007fc   Data          16  main.o(.data)
    m4                                       0x2000080c   Data          16  main.o(.data)
    j                                        0x2000081c   Data           2  main.o(.data)
    z                                        0x20000820   Data           4  main.o(.data)
    seg                                      0x20000824   Data          40  main.o(.data)
    digit                                    0x2000084c   Data          16  main.o(.data)
    adc_data                                 0x2000085c   Data           2  main.o(.data)
    tl                                       0x2000085e   Data           1  main.o(.data)
    th                                       0x2000085f   Data           1  main.o(.data)
    temp                                     0x20000860   Data           2  main.o(.data)
    temperature                              0x20000864   Data           4  main.o(.data)
    showtemp                                 0x20000868   Data           2  main.o(.data)
    modefl                                   0x2000086a   Data           1  main.o(.data)
    mode                                     0x2000086b   Data           1  main.o(.data)
    __libspace_start                         0x2000086c   Data          96  libspace.o(.bss)
    __temporary_stack_top$libspace           0x200008cc   Data           0  libspace.o(.bss)



==============================================================================

Memory Map of the image

  Image Entry point : 0x080001d9

  Load Region LR_1 (Base: 0x08000000, Size: 0x00001ff0, Max: 0xffffffff, ABSOLUTE, COMPRESSED[0x000018e8])

    Execution Region ER_RO (Exec base: 0x08000000, Load base: 0x08000000, Size: 0x00001784, Max: 0xffffffff, ABSOLUTE)

    Exec Addr    Load Addr    Size         Type   Attr      Idx    E Section Name        Object

    0x08000000   0x08000000   0x000000f4   Data   RO           65    RESET               startup_stm32l152xb.o
    0x080000f4   0x080000f4   0x00000008   Code   RO          934  * !!!main             c_w.l(__main.o)
    0x080000fc   0x080000fc   0x00000034   Code   RO         1114    !!!scatter          c_w.l(__scatter.o)
    0x08000130   0x08000130   0x00000064   Code   RO         1112    !!dclz77c           c_w.l(__dclz77c.o)
    0x08000194   0x08000194   0x0000001c   Code   RO         1116    !!handler_zi        c_w.l(__scatter_zi.o)
    0x080001b0   0x080001b0   0x00000002   Code   RO          982    .ARM.Collect$$libinit$$00000000  c_w.l(libinit.o)
    0x080001b2   0x080001b2   0x00000000   Code   RO          989    .ARM.Collect$$libinit$$00000002  c_w.l(libinit2.o)
    0x080001b2   0x080001b2   0x00000000   Code   RO          991    .ARM.Collect$$libinit$$00000004  c_w.l(libinit2.o)
    0x080001b2   0x080001b2   0x00000000   Code   RO          994    .ARM.Collect$$libinit$$0000000A  c_w.l(libinit2.o)
    0x080001b2   0x080001b2   0x00000000   Code   RO          996    .ARM.Collect$$libinit$$0000000C  c_w.l(libinit2.o)
    0x080001b2   0x080001b2   0x00000000   Code   RO          998    .ARM.Collect$$libinit$$0000000E  c_w.l(libinit2.o)
    0x080001b2   0x080001b2   0x00000000   Code   RO         1001    .ARM.Collect$$libinit$$00000011  c_w.l(libinit2.o)
    0x080001b2   0x080001b2   0x00000000   Code   RO         1003    .ARM.Collect$$libinit$$00000013  c_w.l(libinit2.o)
    0x080001b2   0x080001b2   0x00000000   Code   RO         1005    .ARM.Collect$$libinit$$00000015  c_w.l(libinit2.o)
    0x080001b2   0x080001b2   0x00000000   Code   RO         1007    .ARM.Collect$$libinit$$00000017  c_w.l(libinit2.o)
    0x080001b2   0x080001b2   0x00000000   Code   RO         1009    .ARM.Collect$$libinit$$00000019  c_w.l(libinit2.o)
    0x080001b2   0x080001b2   0x00000000   Code   RO         1011    .ARM.Collect$$libinit$$0000001B  c_w.l(libinit2.o)
    0x080001b2   0x080001b2   0x00000000   Code   RO         1013    .ARM.Collect$$libinit$$0000001D  c_w.l(libinit2.o)
    0x080001b2   0x080001b2   0x00000000   Code   RO         1015    .ARM.Collect$$libinit$$0000001F  c_w.l(libinit2.o)
    0x080001b2   0x080001b2   0x00000000   Code   RO         1017    .ARM.Collect$$libinit$$00000021  c_w.l(libinit2.o)
    0x080001b2   0x080001b2   0x00000000   Code   RO         1019    .ARM.Collect$$libinit$$00000023  c_w.l(libinit2.o)
    0x080001b2   0x080001b2   0x00000000   Code   RO         1021    .ARM.Collect$$libinit$$00000025  c_w.l(libinit2.o)
    0x080001b2   0x080001b2   0x00000000   Code   RO         1025    .ARM.Collect$$libinit$$0000002C  c_w.l(libinit2.o)
    0x080001b2   0x080001b2   0x00000000   Code   RO         1027    .ARM.Collect$$libinit$$0000002E  c_w.l(libinit2.o)
    0x080001b2   0x080001b2   0x00000000   Code   RO         1029    .ARM.Collect$$libinit$$00000030  c_w.l(libinit2.o)
    0x080001b2   0x080001b2   0x00000000   Code   RO         1031    .ARM.Collect$$libinit$$00000032  c_w.l(libinit2.o)
    0x080001b2   0x080001b2   0x00000002   Code   RO         1032    .ARM.Collect$$libinit$$00000033  c_w.l(libinit2.o)
    0x080001b4   0x080001b4   0x00000002   Code   RO         1052    .ARM.Collect$$libshutdown$$00000000  c_w.l(libshutdown.o)
    0x080001b6   0x080001b6   0x00000000   Code   RO         1065    .ARM.Collect$$libshutdown$$00000002  c_w.l(libshutdown2.o)
    0x080001b6   0x080001b6   0x00000000   Code   RO         1067    .ARM.Collect$$libshutdown$$00000004  c_w.l(libshutdown2.o)
    0x080001b6   0x080001b6   0x00000000   Code   RO         1070    .ARM.Collect$$libshutdown$$00000007  c_w.l(libshutdown2.o)
    0x080001b6   0x080001b6   0x00000000   Code   RO         1073    .ARM.Collect$$libshutdown$$0000000A  c_w.l(libshutdown2.o)
    0x080001b6   0x080001b6   0x00000000   Code   RO         1075    .ARM.Collect$$libshutdown$$0000000C  c_w.l(libshutdown2.o)
    0x080001b6   0x080001b6   0x00000000   Code   RO         1078    .ARM.Collect$$libshutdown$$0000000F  c_w.l(libshutdown2.o)
    0x080001b6   0x080001b6   0x00000002   Code   RO         1079    .ARM.Collect$$libshutdown$$00000010  c_w.l(libshutdown2.o)
    0x080001b8   0x080001b8   0x00000000   Code   RO          950    .ARM.Collect$$rtentry$$00000000  c_w.l(__rtentry.o)
    0x080001b8   0x080001b8   0x00000000   Code   RO          959    .ARM.Collect$$rtentry$$00000002  c_w.l(__rtentry2.o)
    0x080001b8   0x080001b8   0x00000006   Code   RO          971    .ARM.Collect$$rtentry$$00000004  c_w.l(__rtentry4.o)
    0x080001be   0x080001be   0x00000000   Code   RO          961    .ARM.Collect$$rtentry$$00000009  c_w.l(__rtentry2.o)
    0x080001be   0x080001be   0x00000004   Code   RO          962    .ARM.Collect$$rtentry$$0000000A  c_w.l(__rtentry2.o)
    0x080001c2   0x080001c2   0x00000000   Code   RO          964    .ARM.Collect$$rtentry$$0000000C  c_w.l(__rtentry2.o)
    0x080001c2   0x080001c2   0x00000008   Code   RO          965    .ARM.Collect$$rtentry$$0000000D  c_w.l(__rtentry2.o)
    0x080001ca   0x080001ca   0x00000002   Code   RO          986    .ARM.Collect$$rtexit$$00000000  c_w.l(rtexit.o)
    0x080001cc   0x080001cc   0x00000000   Code   RO         1034    .ARM.Collect$$rtexit$$00000002  c_w.l(rtexit2.o)
    0x080001cc   0x080001cc   0x00000004   Code   RO         1035    .ARM.Collect$$rtexit$$00000003  c_w.l(rtexit2.o)
    0x080001d0   0x080001d0   0x00000006   Code   RO         1036    .ARM.Collect$$rtexit$$00000004  c_w.l(rtexit2.o)
    0x080001d6   0x080001d6   0x00000002   PAD
    0x080001d8   0x080001d8   0x00000040   Code   RO           66  * .text               startup_stm32l152xb.o
    0x08000218   0x08000218   0x00000006   Code   RO          932    .text               c_w.l(heapauxi.o)
    0x0800021e   0x0800021e   0x0000004a   Code   RO          973    .text               c_w.l(sys_stackheap_outer.o)
    0x08000268   0x08000268   0x00000012   Code   RO          975    .text               c_w.l(exit.o)
    0x0800027a   0x0800027a   0x00000002   PAD
    0x0800027c   0x0800027c   0x00000008   Code   RO          983    .text               c_w.l(libspace.o)
    0x08000284   0x08000284   0x0000000c   Code   RO         1044    .text               c_w.l(sys_exit.o)
    0x08000290   0x08000290   0x00000002   Code   RO         1055    .text               c_w.l(use_no_semi.o)
    0x08000292   0x08000292   0x00000000   Code   RO         1057    .text               c_w.l(indicate_semi.o)
    0x08000292   0x08000292   0x00000002   PAD
    0x08000294   0x08000294   0x00000048   Code   RO           74    i.DS1820_ResetPulse  main.o
    0x080002dc   0x080002dc   0x00000030   Code   RO          901    i.DWT_Delay         dwt_delay.o
    0x0800030c   0x0800030c   0x00000108   Code   RO           75    i.GPIO_Config       main.o
    0x08000414   0x08000414   0x0000001c   Code   RO           76    i.LL_AHB1_GRP1_EnableClock  main.o
    0x08000430   0x08000430   0x0000001c   Code   RO           77    i.LL_APB1_GRP1_EnableClock  main.o
    0x0800044c   0x0800044c   0x00000144   Code   RO          384    i.LL_GPIO_Init      stm32l1xx_ll_gpio.o
    0x08000590   0x08000590   0x00000012   Code   RO           78    i.LL_GPIO_IsInputPinSet  main.o
    0x080005a2   0x080005a2   0x00000006   Code   RO           79    i.LL_GPIO_ResetOutputPin  main.o
    0x080005a8   0x080005a8   0x00000004   Code   RO           80    i.LL_GPIO_SetOutputPin  main.o
    0x080005ac   0x080005ac   0x00000028   Code   RO           81    i.LL_GPIO_SetPinMode  main.o
    0x080005d4   0x080005d4   0x00000028   Code   RO           82    i.LL_GPIO_SetPinPull  main.o
    0x080005fc   0x080005fc   0x0000001c   Code   RO          526    i.LL_Init1msTick    stm32l1xx_ll_utils.o
    0x08000618   0x08000618   0x00000010   Code   RO           83    i.LL_RCC_HSI_IsReady  main.o
    0x08000628   0x08000628   0x0000000c   Code   RO          533    i.LL_SetSystemCoreClock  stm32l1xx_ll_utils.o
    0x08000634   0x08000634   0x00000008   Code   RO           84    i.LL_TIM_ClearFlag_UPDATE  main.o
    0x0800063c   0x0800063c   0x0000000a   Code   RO           85    i.LL_TIM_EnableCounter  main.o
    0x08000646   0x08000646   0x00000006   Code   RO           86    i.LL_TIM_GetAutoReload  main.o
    0x0800064c   0x0800064c   0x00000084   Code   RO          639    i.LL_TIM_Init       stm32l1xx_ll_tim.o
    0x080006d0   0x080006d0   0x0000000a   Code   RO           87    i.LL_TIM_IsActiveFlag_UPDATE  main.o
    0x080006da   0x080006da   0x0000005c   Code   RO          640    i.LL_TIM_OC_Init    stm32l1xx_ll_tim.o
    0x08000736   0x08000736   0x00000004   Code   RO           88    i.LL_TIM_OC_SetCompareCH1  main.o
    0x0800073a   0x0800073a   0x00000004   Code   RO           89    i.LL_TIM_SetAutoReload  main.o
    0x0800073e   0x0800073e   0x00000004   Code   RO           90    i.LL_TIM_SetCounter  main.o
    0x08000742   0x08000742   0x00000028   Code   RO          534    i.LL_mDelay         stm32l1xx_ll_utils.o
    0x0800076a   0x0800076a   0x0000004a   Code   RO          643    i.OC1Config         stm32l1xx_ll_tim.o
    0x080007b4   0x080007b4   0x0000004a   Code   RO          644    i.OC2Config         stm32l1xx_ll_tim.o
    0x080007fe   0x080007fe   0x0000004a   Code   RO          645    i.OC3Config         stm32l1xx_ll_tim.o
    0x08000848   0x08000848   0x0000004a   Code   RO          646    i.OC4Config         stm32l1xx_ll_tim.o
    0x08000892   0x08000892   0x00000002   PAD
    0x08000894   0x08000894   0x0000001c   Code   RO           91    i.OW_Master         main.o
    0x080008b0   0x080008b0   0x00000028   Code   RO           92    i.OW_ReadBit        main.o
    0x080008d8   0x080008d8   0x0000002a   Code   RO           93    i.OW_ReadByte       main.o
    0x08000902   0x08000902   0x00000002   PAD
    0x08000904   0x08000904   0x0000001c   Code   RO           94    i.OW_Slave          main.o
    0x08000920   0x08000920   0x0000003c   Code   RO           95    i.OW_WriteBit       main.o
    0x0800095c   0x0800095c   0x0000001c   Code   RO           96    i.OW_WriteByte      main.o
    0x08000978   0x08000978   0x0000012c   Code   RO           97    i.SystemClock_Config  main.o
    0x08000aa4   0x08000aa4   0x00000064   Code   RO            5    i.SystemInit        system_stm32l1xx.o
    0x08000b08   0x08000b08   0x00000020   Code   RO           98    i.TIM4_IRQHandler   main.o
    0x08000b28   0x08000b28   0x00000028   Code   RO           99    i.TIM_BASE_Config   main.o
    0x08000b50   0x08000b50   0x00000036   Code   RO          100    i.TIM_BASE_DurationConfig  main.o
    0x08000b86   0x08000b86   0x00000002   PAD
    0x08000b88   0x08000b88   0x00000044   Code   RO          101    i.TIM_OC_Config     main.o
    0x08000bcc   0x08000bcc   0x00000030   Code   RO          102    i.TIM_OC_GPIO_Config  main.o
    0x08000bfc   0x08000bfc   0x0000008c   Code   RO          103    i.Temp              main.o
    0x08000c88   0x08000c88   0x0000056c   Code   RO          104    i.main              main.o
    0x080011f4   0x080011f4   0x00000062   Code   RO          936    x$fpl$d2f           fz_ws.l(d2f.o)
    0x08001256   0x08001256   0x00000002   PAD
    0x08001258   0x08001258   0x000002b0   Code   RO          939    x$fpl$ddiv          fz_ws.l(ddiv.o)
    0x08001508   0x08001508   0x00000026   Code   RO          942    x$fpl$dfltu         fz_ws.l(dflt_clz.o)
    0x0800152e   0x0800152e   0x00000002   PAD
    0x08001530   0x08001530   0x00000154   Code   RO          948    x$fpl$dmul          fz_ws.l(dmul.o)
    0x08001684   0x08001684   0x0000009c   Code   RO          951    x$fpl$dnaninf       fz_ws.l(dnaninf.o)
    0x08001720   0x08001720   0x0000000c   Code   RO          953    x$fpl$dretinf       fz_ws.l(dretinf.o)
    0x0800172c   0x0800172c   0x0000000a   Code   RO          955    x$fpl$fretinf       fz_ws.l(fretinf.o)
    0x08001736   0x08001736   0x00000000   Code   RO          957    x$fpl$usenofp       fz_ws.l(usenofp.o)
    0x08001736   0x08001736   0x00000002   PAD
    0x08001738   0x08001738   0x0000002c   Data   RO          105    .constdata          main.o
    0x08001764   0x08001764   0x00000020   Data   RO         1110    Region$$Table       anon$$obj.o


    Execution Region ER_RW (Exec base: 0x20000000, Load base: 0x08001784, Size: 0x0000086c, Max: 0xffffffff, ABSOLUTE, COMPRESSED[0x00000164])

    Exec Addr    Load Addr    Size         Type   Attr      Idx    E Section Name        Object

    0x20000000   COMPRESSED   0x00000004   Data   RW            7    .data               system_stm32l1xx.o
    0x20000004   COMPRESSED   0x00000868   Data   RW          106    .data               main.o


    Execution Region ER_ZI (Exec base: 0x2000086c, Load base: 0x080018e8, Size: 0x00000664, Max: 0xffffffff, ABSOLUTE)

    Exec Addr    Load Addr    Size         Type   Attr      Idx    E Section Name        Object

    0x2000086c        -       0x00000060   Zero   RW          984    .bss                c_w.l(libspace.o)
    0x200008cc   0x080018e8   0x00000004   PAD
    0x200008d0        -       0x00000200   Zero   RW           64    HEAP                startup_stm32l152xb.o
    0x20000ad0        -       0x00000400   Zero   RW           63    STACK               startup_stm32l152xb.o


==============================================================================

Image component sizes


      Code (inc. data)   RO Data    RW Data    ZI Data      Debug   Object Name

        48         14          0          0          0        516   dwt_delay.o
      2858        238         44       2152          0      79394   main.o
        64         26        244          0       1536        904   startup_stm32l152xb.o
       324          0          0          0          0       7375   stm32l1xx_ll_gpio.o
       520         20          0          0          0      29383   stm32l1xx_ll_tim.o
        80          6          0          0          0       6041   stm32l1xx_ll_utils.o
       100         18          0          4          0     270703   system_stm32l1xx.o

    ----------------------------------------------------------------------
      4000        322        320       2156       1536     394316   Object Totals
         0          0         32          0          0          0   (incl. Generated)
         6          0          0          0          0          0   (incl. Padding)

    ----------------------------------------------------------------------

      Code (inc. data)   RO Data    RW Data    ZI Data      Debug   Library Member Name

       100          0          0          0          0          0   __dclz77c.o
         8          0          0          0          0         68   __main.o
         0          0          0          0          0          0   __rtentry.o
        12          0          0          0          0          0   __rtentry2.o
         6          0          0          0          0          0   __rtentry4.o
        52          8          0          0          0          0   __scatter.o
        28          0          0          0          0          0   __scatter_zi.o
        18          0          0          0          0         80   exit.o
         6          0          0          0          0        152   heapauxi.o
         0          0          0          0          0          0   indicate_semi.o
         2          0          0          0          0          0   libinit.o
         2          0          0          0          0          0   libinit2.o
         2          0          0          0          0          0   libshutdown.o
         2          0          0          0          0          0   libshutdown2.o
         8          4          0          0         96         68   libspace.o
         2          0          0          0          0          0   rtexit.o
        10          0          0          0          0          0   rtexit2.o
        12          4          0          0          0         68   sys_exit.o
        74          0          0          0          0         80   sys_stackheap_outer.o
         2          0          0          0          0         68   use_no_semi.o
        98          4          0          0          0         92   d2f.o
       688        140          0          0          0        208   ddiv.o
        38          0          0          0          0         68   dflt_clz.o
       340         12          0          0          0        104   dmul.o
       156          4          0          0          0         92   dnaninf.o
        12          0          0          0          0         68   dretinf.o
        10          0          0          0          0         68   fretinf.o
         0          0          0          0          0          0   usenofp.o

    ----------------------------------------------------------------------
      1700        176          0          0        100       1284   Library Totals
        12          0          0          0          4          0   (incl. Padding)

    ----------------------------------------------------------------------

      Code (inc. data)   RO Data    RW Data    ZI Data      Debug   Library Name

       346         16          0          0         96        584   c_w.l
      1342        160          0          0          0        700   fz_ws.l

    ----------------------------------------------------------------------
      1700        176          0          0        100       1284   Library Totals

    ----------------------------------------------------------------------

==============================================================================


      Code (inc. data)   RO Data    RW Data    ZI Data      Debug   

      5700        498        320       2156       1636     392996   Grand Totals
      5700        498        320        356       1636     392996   ELF Image Totals (compressed)
      5700        498        320        356          0          0   ROM Totals

==============================================================================

    Total RO  Size (Code + RO Data)                 6020 (   5.88kB)
    Total RW  Size (RW Data + ZI Data)              3792 (   3.70kB)
    Total ROM Size (Code + RO Data + RW Data)       6376 (   6.23kB)

==============================================================================

